Archive member included to satisfy reference by file (symbol)

/home/hung382/MET/drivers/crypto/lib/libcrypto.a(aes.o)
                              out/cmac.o (aes_init)
/usr/lib/gcc/arm-none-eabi/9.2.1/thumb/v7e-m/nofp/libgcc.a(_arm_muldf3.o)
                              out/printf-stdarg.o (__aeabi_dmul)
/usr/lib/gcc/arm-none-eabi/9.2.1/thumb/v7e-m/nofp/libgcc.a(_arm_addsubdf3.o)
                              out/printf-stdarg.o (__aeabi_dsub)
/usr/lib/gcc/arm-none-eabi/9.2.1/thumb/v7e-m/nofp/libgcc.a(_arm_muldivdf3.o)
                              out/printf-stdarg.o (__aeabi_ddiv)
/usr/lib/gcc/arm-none-eabi/9.2.1/thumb/v7e-m/nofp/libgcc.a(_arm_cmpdf2.o)
                              out/printf-stdarg.o (__aeabi_dcmpeq)
/usr/lib/gcc/arm-none-eabi/9.2.1/thumb/v7e-m/nofp/libgcc.a(_arm_fixdfsi.o)
                              out/printf-stdarg.o (__aeabi_d2iz)
/usr/lib/gcc/arm-none-eabi/9.2.1/thumb/v7e-m/nofp/libgcc.a(_arm_fixunsdfsi.o)
                              out/printf-stdarg.o (__aeabi_d2uiz)
/usr/lib/gcc/arm-none-eabi/9.2.1/thumb/v7e-m/nofp/libgcc.a(_aeabi_uldivmod.o)
                              out/printf-stdarg.o (__aeabi_uldivmod)
/usr/lib/gcc/arm-none-eabi/9.2.1/thumb/v7e-m/nofp/libgcc.a(_fixunsdfdi.o)
                              out/rtc-board.o (__aeabi_d2ulz)
/usr/lib/gcc/arm-none-eabi/9.2.1/thumb/v7e-m/nofp/libgcc.a(_udivmoddi4.o)
                              /usr/lib/gcc/arm-none-eabi/9.2.1/thumb/v7e-m/nofp/libgcc.a(_aeabi_uldivmod.o) (__udivmoddi4)
/usr/lib/gcc/arm-none-eabi/9.2.1/thumb/v7e-m/nofp/libgcc.a(_dvmd_tls.o)
                              /usr/lib/gcc/arm-none-eabi/9.2.1/thumb/v7e-m/nofp/libgcc.a(_aeabi_uldivmod.o) (__aeabi_ldiv0)
/usr/lib/gcc/arm-none-eabi/9.2.1/../../../arm-none-eabi/lib/thumb/v7e-m/nofp/libc.a(lib_a-atexit.o)
                              /usr/lib/gcc/arm-none-eabi/9.2.1/../../../arm-none-eabi/lib/thumb/v7e-m/nofp/crt0.o (atexit)
/usr/lib/gcc/arm-none-eabi/9.2.1/../../../arm-none-eabi/lib/thumb/v7e-m/nofp/libc.a(lib_a-exit.o)
                              /usr/lib/gcc/arm-none-eabi/9.2.1/../../../arm-none-eabi/lib/thumb/v7e-m/nofp/crt0.o (exit)
/usr/lib/gcc/arm-none-eabi/9.2.1/../../../arm-none-eabi/lib/thumb/v7e-m/nofp/libc.a(lib_a-fini.o)
                              /usr/lib/gcc/arm-none-eabi/9.2.1/../../../arm-none-eabi/lib/thumb/v7e-m/nofp/crt0.o (__libc_fini_array)
/usr/lib/gcc/arm-none-eabi/9.2.1/../../../arm-none-eabi/lib/thumb/v7e-m/nofp/libc.a(lib_a-impure.o)
                              /usr/lib/gcc/arm-none-eabi/9.2.1/../../../arm-none-eabi/lib/thumb/v7e-m/nofp/libc.a(lib_a-exit.o) (_global_impure_ptr)
/usr/lib/gcc/arm-none-eabi/9.2.1/../../../arm-none-eabi/lib/thumb/v7e-m/nofp/libc.a(lib_a-init.o)
                              /usr/lib/gcc/arm-none-eabi/9.2.1/../../../arm-none-eabi/lib/thumb/v7e-m/nofp/crt0.o (__libc_init_array)
/usr/lib/gcc/arm-none-eabi/9.2.1/../../../arm-none-eabi/lib/thumb/v7e-m/nofp/libc.a(lib_a-memcpy.o)
                              /home/hung382/MET/drivers/crypto/lib/libcrypto.a(aes.o) (memcpy)
/usr/lib/gcc/arm-none-eabi/9.2.1/../../../arm-none-eabi/lib/thumb/v7e-m/nofp/libc.a(lib_a-memset.o)
                              /usr/lib/gcc/arm-none-eabi/9.2.1/../../../arm-none-eabi/lib/thumb/v7e-m/nofp/crt0.o (memset)
/usr/lib/gcc/arm-none-eabi/9.2.1/../../../arm-none-eabi/lib/thumb/v7e-m/nofp/libc.a(lib_a-__atexit.o)
                              /usr/lib/gcc/arm-none-eabi/9.2.1/../../../arm-none-eabi/lib/thumb/v7e-m/nofp/libc.a(lib_a-atexit.o) (__register_exitproc)
/usr/lib/gcc/arm-none-eabi/9.2.1/../../../arm-none-eabi/lib/thumb/v7e-m/nofp/libc.a(lib_a-__call_atexit.o)
                              /usr/lib/gcc/arm-none-eabi/9.2.1/../../../arm-none-eabi/lib/thumb/v7e-m/nofp/libc.a(lib_a-exit.o) (__call_exitprocs)
/usr/lib/gcc/arm-none-eabi/9.2.1/../../../arm-none-eabi/lib/thumb/v7e-m/nofp/libm.a(lib_a-s_ceil.o)
                              out/radio.o (ceil)
/usr/lib/gcc/arm-none-eabi/9.2.1/../../../arm-none-eabi/lib/thumb/v7e-m/nofp/libm.a(lib_a-s_floor.o)
                              out/radio.o (floor)
/usr/lib/gcc/arm-none-eabi/9.2.1/../../../arm-none-eabi/lib/thumb/v7e-m/nofp/libm.a(lib_a-s_rint.o)
                              out/radio.o (rint)
/usr/lib/gcc/arm-none-eabi/9.2.1/../../../arm-none-eabi/lib/thumb/v7e-m/nofp/libm.a(lib_a-s_round.o)
                              out/rtc-board.o (round)

Allocating common symbols
Common symbol       size              file

irqRegs             0x2               out/radio.o
SX126x              0x3c              out/radio.o
RtcCalendarContext  0xc               out/rtc-board.o
CommonStatus        0x1               out/LoRaMacConfirmQueue.o
RtcTimerContext     0x8               out/rtc-board.o
g_dma_callback_handler
                    0x20              out/tremo_dma.o
last_ir_state       0x1               out/classA.o
BufferStart         0x4               out/LoRaMacConfirmQueue.o
LoRaMacFlags        0x1               out/LoRaMac.o
LoRaMacParamsDefaults
[...]
Memory Configuration

Name             Origin             Length             Attributes
FLASH            0x0000000008000000 0x0000000000020000 xr
RAM              0x0000000020000000 0x0000000000004000 xrw
*default*        0x0000000000000000 0xffffffffffffffff

Linker script and memory map

LOAD /usr/lib/gcc/arm-none-eabi/9.2.1/thumb/v7e-m/nofp/crti.o
LOAD /usr/lib/gcc/arm-none-eabi/9.2.1/thumb/v7e-m/nofp/crtbegin.o
LOAD /usr/lib/gcc/arm-none-eabi/9.2.1/../../../arm-none-eabi/lib/thumb/v7e-m/nofp/crt0.o
LOAD out/tremo_it.o
LOAD out/classA.o
LOAD out/main.o
LOAD out/printf-stdarg.o
LOAD out/system_cm4.o
LOAD out/tremo_crc.o
LOAD out/tremo_lcd.o
LOAD out/tremo_lpuart.o
LOAD out/tremo_wdg.o
LOAD out/tremo_uart.o
LOAD out/tremo_spi.o
LOAD out/tremo_i2s.o
LOAD out/tremo_gpio.o
LOAD out/tremo_bstimer.o
LOAD out/tremo_system.o
LOAD out/tremo_iwdg.o
LOAD out/tremo_lptimer.o
LOAD out/tremo_timer.o
LOAD out/tremo_dma.o
LOAD out/tremo_delay.o
LOAD out/tremo_dac.o
LOAD out/tremo_rtc.o
LOAD out/tremo_pwr.o
LOAD out/tremo_i2c.o
LOAD out/tremo_rcc.o
LOAD out/tremo_flash.o
LOAD out/tremo_adc.o
LOAD out/delay.o
LOAD out/timer.o
LOAD out/cmac.o
LOAD out/radio.o
LOAD out/sx126x.o
LOAD out/utilities.o
LOAD out/rtc-board.o
LOAD out/sx1262-board.o
LOAD out/LoRaMacConfirmQueue.o
LOAD out/LoRaMac.o
LOAD out/LoRaMacClassB.o
LOAD out/LoRaMacCrypto.o
LOAD out/Region.o
LOAD out/RegionCommon.o
LOAD out/RegionAS923.o
LOAD out/startup_cm4.o
LOAD /home/hung382/MET/drivers/crypto/lib/libcrypto.a
START GROUP
LOAD /usr/lib/gcc/arm-none-eabi/9.2.1/thumb/v7e-m/nofp/libgcc.a
LOAD /usr/lib/gcc/arm-none-eabi/9.2.1/../../../arm-none-eabi/lib/thumb/v7e-m/nofp/libc.a
END GROUP
LOAD /usr/lib/gcc/arm-none-eabi/9.2.1/thumb/v7e-m/nofp/crtend.o
LOAD /usr/lib/gcc/arm-none-eabi/9.2.1/thumb/v7e-m/nofp/crtn.o
                0x0000000020004000                _estack = 0x20004000
                0x0000000000000000                _HEAP_SIZE = 0x0
                0x0000000000001000                _STACK_SIZE = 0x1000

.isr_vector     0x0000000008000000       0xd4
                0x0000000008000000                . = ALIGN (0x4)
 *(.isr_vector)
 .isr_vector    0x0000000008000000       0xd4 out/startup_cm4.o
                0x0000000008000000                g_pfnVectors
                0x00000000080000d4                . = ALIGN (0x4)

.text           0x00000000080000d8     0x9498
                0x00000000080000d8                . = ALIGN (0x4)
 *(.text)
 .text          0x00000000080000d8       0x88 /usr/lib/gcc/arm-none-eabi/9.2.1/thumb/v7e-m/nofp/crtbegin.o
 .text          0x0000000008000160      0x1ec /home/hung382/MET/drivers/crypto/lib/libcrypto.a(aes.o)
                0x0000000008000160                aes_init
                0x0000000008000270                aes_crypto
                0x0000000008000314                aes_close
 .text          0x000000000800034c      0x378 /usr/lib/gcc/arm-none-eabi/9.2.1/thumb/v7e-m/nofp/libgcc.a(_arm_addsubdf3.o)
                0x000000000800034c                __aeabi_drsub
                0x0000000008000354                __aeabi_dsub
                0x0000000008000354                __subdf3
                0x0000000008000358                __adddf3
                0x0000000008000358                __aeabi_dadd
                0x00000000080005d0                __aeabi_ui2d
                0x00000000080005d0                __floatunsidf
                0x00000000080005f0                __floatsidf
                0x00000000080005f0                __aeabi_i2d
                0x0000000008000614                __extendsfdf2
                0x0000000008000614                __aeabi_f2d
                0x0000000008000658                __aeabi_ul2d
                0x0000000008000658                __floatundidf
                0x0000000008000668                __floatdidf
                0x0000000008000668                __aeabi_l2d
 .text          0x00000000080006c4      0x424 /usr/lib/gcc/arm-none-eabi/9.2.1/thumb/v7e-m/nofp/libgcc.a(_arm_muldivdf3.o)
                0x00000000080006c4                __aeabi_dmul
                0x00000000080006c4                __muldf3
                0x0000000008000918                __aeabi_ddiv
                0x0000000008000918                __divdf3
 .text          0x0000000008000ae8      0x110 /usr/lib/gcc/arm-none-eabi/9.2.1/thumb/v7e-m/nofp/libgcc.a(_arm_cmpdf2.o)
                0x0000000008000ae8                __gtdf2
                0x0000000008000ae8                __gedf2
                0x0000000008000af0                __ltdf2
                0x0000000008000af0                __ledf2
                0x0000000008000af8                __cmpdf2
                0x0000000008000af8                __eqdf2
                0x0000000008000af8                __nedf2
                0x0000000008000b74                __aeabi_cdrcmple
                0x0000000008000b84                __aeabi_cdcmple
                0x0000000008000b84                __aeabi_cdcmpeq
                0x0000000008000b94                __aeabi_dcmpeq
                0x0000000008000ba8                __aeabi_dcmplt
                0x0000000008000bbc                __aeabi_dcmple
                0x0000000008000bd0                __aeabi_dcmpge
                0x0000000008000be4                __aeabi_dcmpgt
 .text          0x0000000008000bf8       0x50 /usr/lib/gcc/arm-none-eabi/9.2.1/thumb/v7e-m/nofp/libgcc.a(_arm_fixdfsi.o)
                0x0000000008000bf8                __fixdfsi
                0x0000000008000bf8                __aeabi_d2iz
 .text          0x0000000008000c48       0x40 /usr/lib/gcc/arm-none-eabi/9.2.1/thumb/v7e-m/nofp/libgcc.a(_arm_fixunsdfsi.o)
                0x0000000008000c48                __fixunsdfsi
                0x0000000008000c48                __aeabi_d2uiz
 .text          0x0000000008000c88       0x30 /usr/lib/gcc/arm-none-eabi/9.2.1/thumb/v7e-m/nofp/libgcc.a(_aeabi_uldivmod.o)
                0x0000000008000c88                __aeabi_uldivmod
 .text          0x0000000008000cb8       0x3c /usr/lib/gcc/arm-none-eabi/9.2.1/thumb/v7e-m/nofp/libgcc.a(_fixunsdfdi.o)
                0x0000000008000cb8                __aeabi_d2ulz
                0x0000000008000cb8                __fixunsdfdi
 .text          0x0000000008000cf4      0x2c0 /usr/lib/gcc/arm-none-eabi/9.2.1/thumb/v7e-m/nofp/libgcc.a(_udivmoddi4.o)
                0x0000000008000cf4                __udivmoddi4
 .text          0x0000000008000fb4        0x4 /usr/lib/gcc/arm-none-eabi/9.2.1/thumb/v7e-m/nofp/libgcc.a(_dvmd_tls.o)
                0x0000000008000fb4                __aeabi_ldiv0
                0x0000000008000fb4                __aeabi_idiv0
 .text          0x0000000008000fb8        0xc /usr/lib/gcc/arm-none-eabi/9.2.1/../../../arm-none-eabi/lib/thumb/v7e-m/nofp/libc.a(lib_a-atexit.o)
                0x0000000008000fb8                atexit
 .text          0x0000000008000fc4       0x34 /usr/lib/gcc/arm-none-eabi/9.2.1/../../../arm-none-eabi/lib/thumb/v7e-m/nofp/libc.a(lib_a-fini.o)
                0x0000000008000fc4                __libc_fini_array
 .text          0x0000000008000ff8       0x48 /usr/lib/gcc/arm-none-eabi/9.2.1/../../../arm-none-eabi/lib/thumb/v7e-m/nofp/libc.a(lib_a-init.o)
                0x0000000008000ff8                __libc_init_array
 .text          0x0000000008001040      0x134 /usr/lib/gcc/arm-none-eabi/9.2.1/../../../arm-none-eabi/lib/thumb/v7e-m/nofp/libc.a(lib_a-memcpy.o)
                0x0000000008001040                memcpy
 .text          0x0000000008001174       0xa0 /usr/lib/gcc/arm-none-eabi/9.2.1/../../../arm-none-eabi/lib/thumb/v7e-m/nofp/libc.a(lib_a-memset.o)
                0x0000000008001174                memset
 .text          0x0000000008001214       0x68 /usr/lib/gcc/arm-none-eabi/9.2.1/../../../arm-none-eabi/lib/thumb/v7e-m/nofp/libc.a(lib_a-__atexit.o)
                0x0000000008001214                __register_exitproc
 *fill*         0x000000000800127c        0x4 
 .text          0x0000000008001280      0x108 /usr/lib/gcc/arm-none-eabi/9.2.1/../../../arm-none-eabi/lib/thumb/v7e-m/nofp/libm.a(lib_a-s_ceil.o)
                0x0000000008001280                ceil
 .text          0x0000000008001388      0x108 /usr/lib/gcc/arm-none-eabi/9.2.1/../../../arm-none-eabi/lib/thumb/v7e-m/nofp/libm.a(lib_a-s_floor.o)
                0x0000000008001388                floor
 .text          0x0000000008001490      0x118 /usr/lib/gcc/arm-none-eabi/9.2.1/../../../arm-none-eabi/lib/thumb/v7e-m/nofp/libm.a(lib_a-s_rint.o)
                0x0000000008001490                rint
 .text          0x00000000080015a8       0x90 /usr/lib/gcc/arm-none-eabi/9.2.1/../../../arm-none-eabi/lib/thumb/v7e-m/nofp/libm.a(lib_a-s_round.o)
                0x00000000080015a8                round
 *(.text*)
 .text.NMI_Handler
                0x0000000008001638        0x2 out/tremo_it.o
                0x0000000008001638                NMI_Handler
 .text.HardFault_Handler
                0x000000000800163a        0x2 out/tremo_it.o
                0x000000000800163a                HardFault_Handler
 .text.MemManage_Handler
                0x000000000800163c        0x2 out/tremo_it.o
                0x000000000800163c                MemManage_Handler
 .text.BusFault_Handler
                0x000000000800163e        0x2 out/tremo_it.o
                0x000000000800163e                BusFault_Handler
 .text.UsageFault_Handler
                0x0000000008001640        0x2 out/tremo_it.o
                0x0000000008001640                UsageFault_Handler
 .text.SVC_Handler
                0x0000000008001642        0x2 out/tremo_it.o
                0x0000000008001642                SVC_Handler
 .text.PendSV_Handler
                0x0000000008001644        0x2 out/tremo_it.o
                0x0000000008001644                PendSV_Handler
 .text.SysTick_Handler
                0x0000000008001646        0x2 out/tremo_it.o
                0x0000000008001646                SysTick_Handler
 .text.PWR_IRQHandler
                0x0000000008001648        0x2 out/tremo_it.o
                0x0000000008001648                PWR_IRQHandler
 .text.LORA_IRQHandler
                0x000000000800164a        0x4 out/tremo_it.o
                0x000000000800164a                LORA_IRQHandler
 .text.RTC_IRQHandler
                0x000000000800164e        0x4 out/tremo_it.o
                0x000000000800164e                RTC_IRQHandler
 *fill*         0x0000000008001652        0x2 
 .text.GPIO_IRQHandler
                0x0000000008001654       0x60 out/tremo_it.o
                0x0000000008001654                GPIO_IRQHandler
 .text.McpsConfirm
                0x00000000080016b4        0xc out/classA.o
 .text.BoardGetBatteryLevel
                0x00000000080016c0        0x4 out/classA.o
                0x00000000080016c0                BoardGetBatteryLevel
 .text.MlmeConfirm
                0x00000000080016c4       0x74 out/classA.o
 .text.OnTxNextPacketTimerEvent
                0x0000000008001738       0x90 out/classA.o
 .text.MlmeIndication
                0x00000000080017c8        0xc out/classA.o
 .text.McpsIndication
                0x00000000080017d4       0xcc out/classA.o
 .text.app_start
                0x00000000080018a0      0x2ec out/classA.o
                0x00000000080018a0                app_start
 .text.uart_log_init
                0x0000000008001b8c       0x40 out/main.o
                0x0000000008001b8c                uart_log_init
 .text.interrupt_configuration
                0x0000000008001bcc       0x44 out/main.o
                0x0000000008001bcc                interrupt_configuration
 .text.board_init
                0x0000000008001c10       0x88 out/main.o
                0x0000000008001c10                board_init
 .text.startup.main
                0x0000000008001c98        0xe out/main.o
                0x0000000008001c98                main
 .text._out_null
                0x0000000008001ca6        0x2 out/printf-stdarg.o
 .text._out_rev
                0x0000000008001ca8       0x96 out/printf-stdarg.o
 .text._ntoa_format
                0x0000000008001d3e      0x10a out/printf-stdarg.o
 .text._ntoa_long
                0x0000000008001e48       0x82 out/printf-stdarg.o
 .text._ntoa_long_long
                0x0000000008001eca       0xa6 out/printf-stdarg.o
 .text._out_char
                0x0000000008001f70       0x10 out/printf-stdarg.o
 .text._ftoa    0x0000000008001f80      0x32c out/printf-stdarg.o
 *fill*         0x00000000080022ac        0x4 
 .text._etoa    0x00000000080022b0      0x3b8 out/printf-stdarg.o
 .text._vsnprintf
                0x0000000008002668      0x550 out/printf-stdarg.o
 .text.__wrap_printf
                0x0000000008002bb8       0x28 out/printf-stdarg.o
                0x0000000008002bb8                __wrap_printf
 .text.nvic_init
                0x0000000008002be0       0x24 out/system_cm4.o
                0x0000000008002be0                nvic_init
 .text.system_init
                0x0000000008002c04       0x44 out/system_cm4.o
                0x0000000008002c04                system_init
 .text.uart_send_data
                0x0000000008002c48        0xa out/tremo_uart.o
                0x0000000008002c48                uart_send_data
 .text.uart_config_init
                0x0000000008002c52       0x16 out/tremo_uart.o
                0x0000000008002c52                uart_config_init
 .text.uart_cmd
                0x0000000008002c68       0x12 out/tremo_uart.o
                0x0000000008002c68                uart_cmd
 *fill*         0x0000000008002c7a        0x2 
 .text.uart_init
                0x0000000008002c7c      0x140 out/tremo_uart.o
                0x0000000008002c7c                uart_init
 .text.gpio_init
                0x0000000008002dbc      0x124 out/tremo_gpio.o
                0x0000000008002dbc                gpio_init
 .text.gpio_write
                0x0000000008002ee0       0xb4 out/tremo_gpio.o
                0x0000000008002ee0                gpio_write
 .text.gpio_read
                0x0000000008002f94       0x12 out/tremo_gpio.o
                0x0000000008002f94                gpio_read
 .text.gpio_toggle
                0x0000000008002fa6        0xe out/tremo_gpio.o
                0x0000000008002fa6                gpio_toggle
 .text.gpio_clear_interrupt
                0x0000000008002fb4       0x10 out/tremo_gpio.o
                0x0000000008002fb4                gpio_clear_interrupt
 .text.gpio_config_interrupt
                0x0000000008002fc4       0x20 out/tremo_gpio.o
                0x0000000008002fc4                gpio_config_interrupt
 .text.gpio_get_interrupt_status
                0x0000000008002fe4       0x14 out/tremo_gpio.o
                0x0000000008002fe4                gpio_get_interrupt_status
 .text.gpio_set_iomux
                0x0000000008002ff8       0x40 out/tremo_gpio.o
                0x0000000008002ff8                gpio_set_iomux
 .text.delay_init
                0x0000000008003038       0x48 out/tremo_delay.o
                0x0000000008003038                delay_init
 .text.delay_us
                0x0000000008003080       0x30 out/tremo_delay.o
                0x0000000008003080                delay_us
 .text.delay_ms
                0x00000000080030b0        0xa out/tremo_delay.o
                0x00000000080030b0                delay_ms
 .text.rtc_deinit
                0x00000000080030ba       0x1e out/tremo_rtc.o
                0x00000000080030ba                rtc_deinit
 .text.rtc_check_syn
                0x00000000080030d8       0x14 out/tremo_rtc.o
                0x00000000080030d8                rtc_check_syn
 .text.rtc_calendar_cmd
                0x00000000080030ec       0x20 out/tremo_rtc.o
                0x00000000080030ec                rtc_calendar_cmd
 .text.rtc_cyc_cmd
                0x000000000800310c       0x20 out/tremo_rtc.o
                0x000000000800310c                rtc_cyc_cmd
 .text.rtc_config_cyc_wakeup
                0x000000000800312c       0x24 out/tremo_rtc.o
                0x000000000800312c                rtc_config_cyc_wakeup
 .text.rtc_get_calendar
                0x0000000008003150       0xdc out/tremo_rtc.o
                0x0000000008003150                rtc_get_calendar
 .text.rtc_set_status
                0x000000000800322c       0x30 out/tremo_rtc.o
                0x000000000800322c                rtc_set_status
 .text.rtc_get_status
                0x000000000800325c       0x38 out/tremo_rtc.o
                0x000000000800325c                rtc_get_status
 .text.rtc_config_interrupt
                0x0000000008003294       0x38 out/tremo_rtc.o
                0x0000000008003294                rtc_config_interrupt
 .text.rtc_config_cyc_max
                0x00000000080032cc       0x14 out/tremo_rtc.o
                0x00000000080032cc                rtc_config_cyc_max
 .text.pwr_xo32k_lpm_cmd
                0x00000000080032e0       0x18 out/tremo_pwr.o
                0x00000000080032e0                pwr_xo32k_lpm_cmd
 .text.rcc_get_clk_freq
                0x00000000080032f8       0x9c out/tremo_rcc.o
                0x00000000080032f8                rcc_get_clk_freq
 .text.rcc_get_uart0_clk_source
                0x0000000008003394        0xc out/tremo_rcc.o
                0x0000000008003394                rcc_get_uart0_clk_source
 .text.rcc_get_uart1_clk_source
                0x00000000080033a0        0xc out/tremo_rcc.o
                0x00000000080033a0                rcc_get_uart1_clk_source
 .text.rcc_get_uart2_clk_source
                0x00000000080033ac        0xc out/tremo_rcc.o
                0x00000000080033ac                rcc_get_uart2_clk_source
 .text.rcc_get_uart3_clk_source
                0x00000000080033b8        0xc out/tremo_rcc.o
                0x00000000080033b8                rcc_get_uart3_clk_source
 .text.rcc_get_rtc_clk_source
                0x00000000080033c4        0xc out/tremo_rcc.o
                0x00000000080033c4                rcc_get_rtc_clk_source
 .text.rcc_enable_peripheral_clk
                0x00000000080033d0      0x4b4 out/tremo_rcc.o
                0x00000000080033d0                rcc_enable_peripheral_clk
 .text.rcc_enable_oscillator
                0x0000000008003884       0xfc out/tremo_rcc.o
                0x0000000008003884                rcc_enable_oscillator
 .text.rcc_rst_peripheral
                0x0000000008003980       0x4a out/tremo_rcc.o
                0x0000000008003980                rcc_rst_peripheral
 .text.DelayMs  0x00000000080039ca        0x4 out/delay.o
                0x00000000080039ca                DelayMs
 *fill*         0x00000000080039ce        0x2 
 .text.TimeStampsUpdate
                0x00000000080039d0       0x2c out/timer.o
 .text.TimerInsertNewHeadTimer
                0x00000000080039fc       0x1c out/timer.o
 .text.TimerSetSysTime
                0x0000000008003a18       0x30 out/timer.o
                0x0000000008003a18                TimerSetSysTime
 .text.TimerInit
                0x0000000008003a48        0xe out/timer.o
                0x0000000008003a48                TimerInit
 *fill*         0x0000000008003a56        0x2 
 .text.TimerStart
                0x0000000008003a58       0x78 out/timer.o
                0x0000000008003a58                TimerStart
 .text.TimerIrqHandler
                0x0000000008003ad0       0x68 out/timer.o
                0x0000000008003ad0                TimerIrqHandler
 .text.TimerStop
                0x0000000008003b38       0x60 out/timer.o
                0x0000000008003b38                TimerStop
 .text.TimerSetValue
                0x0000000008003b98       0x10 out/timer.o
                0x0000000008003b98                TimerSetValue
 .text.TimerGetCurrentTime
                0x0000000008003ba8       0x18 out/timer.o
                0x0000000008003ba8                TimerGetCurrentTime
 .text.TimerGetSysTime
                0x0000000008003bc0       0x2c out/timer.o
                0x0000000008003bc0                TimerGetSysTime
 .text.TimerGetElapsedTime
                0x0000000008003bec       0x12 out/timer.o
                0x0000000008003bec                TimerGetElapsedTime
 .text.AES_CMAC_Init
                0x0000000008003bfe       0x14 out/cmac.o
                0x0000000008003bfe                AES_CMAC_Init
 .text.AES_CMAC_SetKey
                0x0000000008003c12        0xc out/cmac.o
                0x0000000008003c12                AES_CMAC_SetKey
 .text.AES_CMAC_Update
                0x0000000008003c1e       0xb0 out/cmac.o
                0x0000000008003c1e                AES_CMAC_Update
 .text.AES_CMAC_Final
                0x0000000008003cce      0x15e out/cmac.o
                0x0000000008003cce                AES_CMAC_Final
 .text.RadioCheckRfFrequency
                0x0000000008003e2c        0x4 out/radio.o
                0x0000000008003e2c                RadioCheckRfFrequency
 .text.RadioOnTxTimeoutIrq
                0x0000000008003e30       0x14 out/radio.o
                0x0000000008003e30                RadioOnTxTimeoutIrq
 .text.RadioOnRxTimeoutIrq
                0x0000000008003e44       0x14 out/radio.o
                0x0000000008003e44                RadioOnRxTimeoutIrq
 .text.RadioStandby
                0x0000000008003e58        0x6 out/radio.o
                0x0000000008003e58                RadioStandby
 *fill*         0x0000000008003e5e        0x2 
 .text.RadioInit
                0x0000000008003e60       0x6c out/radio.o
                0x0000000008003e60                RadioInit
 .text.RadioGetStatus
                0x0000000008003ecc       0x18 out/radio.o
                0x0000000008003ecc                RadioGetStatus
 .text.RadioSetChannel
                0x0000000008003ee4        0x4 out/radio.o
                0x0000000008003ee4                RadioSetChannel
 .text.RadioRssi
                0x0000000008003ee8        0xa out/radio.o
                0x0000000008003ee8                RadioRssi
 .text.RadioRead
                0x0000000008003ef2        0x4 out/radio.o
                0x0000000008003ef2                RadioRead
 .text.RadioWrite
                0x0000000008003ef6        0x4 out/radio.o
                0x0000000008003ef6                RadioWrite
 *fill*         0x0000000008003efa        0x2 
 .text.RadioSend
                0x0000000008003efc       0x54 out/radio.o
                0x0000000008003efc                RadioSend
 .text.RadioSleep
                0x0000000008003f50       0x14 out/radio.o
                0x0000000008003f50                RadioSleep
 .text.RadioSetRxDutyCycle
                0x0000000008003f64        0x4 out/radio.o
                0x0000000008003f64                RadioSetRxDutyCycle
 .text.RadioStartCad
                0x0000000008003f68       0x6c out/radio.o
                0x0000000008003f68                RadioStartCad
 .text.RadioSetTxContinuousWave
                0x0000000008003fd4       0x4c out/radio.o
                0x0000000008003fd4                RadioSetTxContinuousWave
 .text.RadioWriteBuffer
                0x0000000008004020        0x4 out/radio.o
                0x0000000008004020                RadioWriteBuffer
 .text.RadioReadBuffer
                0x0000000008004024        0x4 out/radio.o
                0x0000000008004024                RadioReadBuffer
 .text.RadioGetWakeupTime
                0x0000000008004028        0xa out/radio.o
                0x0000000008004028                RadioGetWakeupTime
 *fill*         0x0000000008004032        0x2 
 .text.RadioOnCadTimeoutIrq
                0x0000000008004034       0x20 out/radio.o
                0x0000000008004034                RadioOnCadTimeoutIrq
 .text.RadioGetFskBandwidthRegValue
                0x0000000008004054       0x34 out/radio.o
 .text.RadioSetMaxPayloadLength
                0x0000000008004088       0x28 out/radio.o
                0x0000000008004088                RadioSetMaxPayloadLength
 .text.RadioRx  0x00000000080040b0       0x44 out/radio.o
                0x00000000080040b0                RadioRx
 .text.RadioRxBoosted
                0x00000000080040f4       0x40 out/radio.o
                0x00000000080040f4                RadioRxBoosted
 .text.RadioIrqProcess
                0x0000000008004134      0x160 out/radio.o
                0x0000000008004134                RadioIrqProcess
 .text.RadioSetPublicNetwork
                0x0000000008004294       0x3c out/radio.o
                0x0000000008004294                RadioSetPublicNetwork
 .text.RadioSetModem.part.0
                0x00000000080042d0       0x24 out/radio.o
 .text.RadioSetModem
                0x00000000080042f4       0x20 out/radio.o
                0x00000000080042f4                RadioSetModem
 .text.RadioIsChannelFree
                0x0000000008004314       0x4e out/radio.o
                0x0000000008004314                RadioIsChannelFree
 .text.RadioRandom
                0x0000000008004362       0x3c out/radio.o
                0x0000000008004362                RadioRandom
 *fill*         0x000000000800439e        0x2 
 .text.RadioSymbTime
                0x00000000080043a0       0x2c out/radio.o
                0x00000000080043a0                RadioSymbTime
 *fill*         0x00000000080043cc        0x4 
 .text.RadioSetRxConfig
                0x00000000080043d0      0x21c out/radio.o
                0x00000000080043d0                RadioSetRxConfig
 *fill*         0x00000000080045ec        0x4 
 .text.RadioSetTxConfig
                0x00000000080045f0      0x198 out/radio.o
                0x00000000080045f0                RadioSetTxConfig
 .text.RadioTimeOnAir
                0x0000000008004788      0x190 out/radio.o
                0x0000000008004788                RadioTimeOnAir
 .text.RadioOnDioIrq
                0x0000000008004918       0x24 out/radio.o
                0x0000000008004918                RadioOnDioIrq
 .text.SX126xGetOperatingMode
                0x000000000800493c        0xc out/sx126x.o
                0x000000000800493c                SX126xGetOperatingMode
 .text.SX126xSetOperatingMode
                0x0000000008004948        0xc out/sx126x.o
                0x0000000008004948                SX126xSetOperatingMode
 .text.SX126xCheckDeviceReady
                0x0000000008004954       0x38 out/sx126x.o
                0x0000000008004954                SX126xCheckDeviceReady
 .text.SX126xSetPayload
                0x000000000800498c        0xa out/sx126x.o
                0x000000000800498c                SX126xSetPayload
 .text.SX126xSetSyncWord
                0x0000000008004996       0x12 out/sx126x.o
                0x0000000008004996                SX126xSetSyncWord
 .text.SX126xSetCrcSeed
                0x00000000080049a8       0x24 out/sx126x.o
                0x00000000080049a8                SX126xSetCrcSeed
 .text.SX126xSetCrcPolynomial
                0x00000000080049cc       0x24 out/sx126x.o
                0x00000000080049cc                SX126xSetCrcPolynomial
 .text.SX126xSetWhiteningSeed
                0x00000000080049f0       0x38 out/sx126x.o
                0x00000000080049f0                SX126xSetWhiteningSeed
 .text.SX126xSetSleep
                0x0000000008004a28       0x24 out/sx126x.o
                0x0000000008004a28                SX126xSetSleep
 .text.SX126xSetStandby
                0x0000000008004a4c       0x2c out/sx126x.o
                0x0000000008004a4c                SX126xSetStandby
 .text.SX126xSetTx
                0x0000000008004a78       0x2c out/sx126x.o
                0x0000000008004a78                SX126xSetTx
 .text.SX126xSendPayload
                0x0000000008004aa4       0x12 out/sx126x.o
                0x0000000008004aa4                SX126xSendPayload
 *fill*         0x0000000008004ab6        0x2 
 .text.SX126xSetRx
                0x0000000008004ab8       0x2c out/sx126x.o
                0x0000000008004ab8                SX126xSetRx
 .text.SX126xSetRxBoosted
                0x0000000008004ae4       0x38 out/sx126x.o
                0x0000000008004ae4                SX126xSetRxBoosted
 .text.SX126xSetRxDutyCycle
                0x0000000008004b1c       0x38 out/sx126x.o
                0x0000000008004b1c                SX126xSetRxDutyCycle
 .text.SX126xSetCad
                0x0000000008004b54       0x18 out/sx126x.o
                0x0000000008004b54                SX126xSetCad
 .text.SX126xSetTxContinuousWave
                0x0000000008004b6c        0xa out/sx126x.o
                0x0000000008004b6c                SX126xSetTxContinuousWave
 .text.SX126xSetStopRxTimerOnPreambleDetect
                0x0000000008004b76       0x18 out/sx126x.o
                0x0000000008004b76                SX126xSetStopRxTimerOnPreambleDetect
 .text.SX126xSetLoRaSymbNumTimeout
                0x0000000008004b8e       0x18 out/sx126x.o
                0x0000000008004b8e                SX126xSetLoRaSymbNumTimeout
 .text.SX126xSetRegulatorMode
                0x0000000008004ba6       0x18 out/sx126x.o
                0x0000000008004ba6                SX126xSetRegulatorMode
 *fill*         0x0000000008004bbe        0x2 
 .text.SX126xCalibrateImage
                0x0000000008004bc0       0x64 out/sx126x.o
                0x0000000008004bc0                SX126xCalibrateImage
 .text.SX126xSetPaConfig
                0x0000000008004c24       0x24 out/sx126x.o
                0x0000000008004c24                SX126xSetPaConfig
 .text.SX126xSetDioIrqParams
                0x0000000008004c48       0x2a out/sx126x.o
                0x0000000008004c48                SX126xSetDioIrqParams
 .text.SX126xGetIrqStatus
                0x0000000008004c72       0x1e out/sx126x.o
                0x0000000008004c72                SX126xGetIrqStatus
 .text.SX126xSetDio2AsRfSwitchCtrl
                0x0000000008004c90       0x18 out/sx126x.o
                0x0000000008004c90                SX126xSetDio2AsRfSwitchCtrl
 .text.SX126xInit
                0x0000000008004ca8       0x28 out/sx126x.o
                0x0000000008004ca8                SX126xInit
 .text.SX126xSetRfFrequency
                0x0000000008004cd0       0x4c out/sx126x.o
                0x0000000008004cd0                SX126xSetRfFrequency
 .text.SX126xSetPacketType
                0x0000000008004d1c       0x20 out/sx126x.o
                0x0000000008004d1c                SX126xSetPacketType
 .text.SX126xGetPacketType
                0x0000000008004d3c        0xc out/sx126x.o
                0x0000000008004d3c                SX126xGetPacketType
 .text.SX126xSetTxParams
                0x0000000008004d48       0xbc out/sx126x.o
                0x0000000008004d48                SX126xSetTxParams
 *fill*         0x0000000008004e04        0x4 
 .text.SX126xSetModulationParams
                0x0000000008004e08       0xb4 out/sx126x.o
                0x0000000008004e08                SX126xSetModulationParams
 .text.SX126xSetPacketParams
                0x0000000008004ebc       0xac out/sx126x.o
                0x0000000008004ebc                SX126xSetPacketParams
 .text.SX126xSetCadParams
                0x0000000008004f68       0x3c out/sx126x.o
                0x0000000008004f68                SX126xSetCadParams
 .text.SX126xSetBufferBaseAddress
                0x0000000008004fa4       0x1a out/sx126x.o
                0x0000000008004fa4                SX126xSetBufferBaseAddress
 .text.SX126xGetRssiInst
                0x0000000008004fbe       0x1a out/sx126x.o
                0x0000000008004fbe                SX126xGetRssiInst
 .text.SX126xGetRxBufferStatus
                0x0000000008004fd8       0x48 out/sx126x.o
                0x0000000008004fd8                SX126xGetRxBufferStatus
 .text.SX126xGetPayload
                0x0000000008005020       0x32 out/sx126x.o
                0x0000000008005020                SX126xGetPayload
 *fill*         0x0000000008005052        0x2 
 .text.SX126xGetPacketStatus
                0x0000000008005054       0x80 out/sx126x.o
                0x0000000008005054                SX126xGetPacketStatus
 .text.SX126xClearIrqStatus
                0x00000000080050d4       0x18 out/sx126x.o
                0x00000000080050d4                SX126xClearIrqStatus
 .text.rand1    0x00000000080050ec       0x28 out/utilities.o
                0x00000000080050ec                rand1
 .text.srand1   0x0000000008005114        0xc out/utilities.o
                0x0000000008005114                srand1
 .text.randr    0x0000000008005120       0x1a out/utilities.o
                0x0000000008005120                randr
 .text.memcpy1  0x000000000800513a       0x14 out/utilities.o
                0x000000000800513a                memcpy1
 .text.memcpyr  0x000000000800514e       0x14 out/utilities.o
                0x000000000800514e                memcpyr
 .text.memset1  0x0000000008005162        0xe out/utilities.o
                0x0000000008005162                memset1
 .text.RtcInit  0x0000000008005170       0x30 out/rtc-board.o
                0x0000000008005170                RtcInit
 .text.RtcSetTimeout
                0x00000000080051a0       0x8c out/rtc-board.o
                0x00000000080051a0                RtcSetTimeout
 .text.RtcStopTimeout
                0x000000000800522c       0x14 out/rtc-board.o
                0x000000000800522c                RtcStopTimeout
 .text.RtcGetTimerContext
                0x0000000008005240        0xc out/rtc-board.o
                0x0000000008005240                RtcGetTimerContext
 .text.RtcGetTimerValue
                0x000000000800524c      0x120 out/rtc-board.o
                0x000000000800524c                RtcGetTimerValue
 .text.RtcSetTimerContext
                0x000000000800536c       0x18 out/rtc-board.o
                0x000000000800536c                RtcSetTimerContext
 .text.RtcGetElapsedTime
                0x0000000008005384       0x18 out/rtc-board.o
                0x0000000008005384                RtcGetElapsedTime
 .text.RtcOnIrq
                0x000000000800539c       0x32 out/rtc-board.o
                0x000000000800539c                RtcOnIrq
 .text.BoardDisableIrq
                0x00000000080053ce        0x4 out/sx1262-board.o
                0x00000000080053ce                BoardDisableIrq
 .text.BoardEnableIrq
                0x00000000080053d2        0x4 out/sx1262-board.o
                0x00000000080053d2                BoardEnableIrq
 *fill*         0x00000000080053d6        0x2 
 .text.SpiInOut
                0x00000000080053d8       0x18 out/sx1262-board.o
                0x00000000080053d8                SpiInOut
 .text.SX126xLoracInit
                0x00000000080053f0       0x5c out/sx1262-board.o
                0x00000000080053f0                SX126xLoracInit
 .text.SX126xGetBoardTcxoWakeupTime
                0x000000000800544c        0x4 out/sx1262-board.o
                0x000000000800544c                SX126xGetBoardTcxoWakeupTime
 .text.SX126xReset
                0x0000000008005450       0x54 out/sx1262-board.o
                0x0000000008005450                SX126xReset
 .text.SX126xWaitOnBusy
                0x00000000080054a4       0x18 out/sx1262-board.o
                0x00000000080054a4                SX126xWaitOnBusy
 .text.SX126xWakeup
                0x00000000080054bc       0x30 out/sx1262-board.o
                0x00000000080054bc                SX126xWakeup
 .text.SX126xWriteCommand
                0x00000000080054ec       0x44 out/sx1262-board.o
                0x00000000080054ec                SX126xWriteCommand
 .text.SX126xReadCommand
                0x0000000008005530       0x48 out/sx1262-board.o
                0x0000000008005530                SX126xReadCommand
 .text.SX126xWriteRegisters
                0x0000000008005578       0x48 out/sx1262-board.o
                0x0000000008005578                SX126xWriteRegisters
 .text.SX126xWriteRegister
                0x00000000080055c0       0x16 out/sx1262-board.o
                0x00000000080055c0                SX126xWriteRegister
 *fill*         0x00000000080055d6        0x2 
 .text.SX126xReadRegisters
                0x00000000080055d8       0x50 out/sx1262-board.o
                0x00000000080055d8                SX126xReadRegisters
 .text.SX126xReadRegister
                0x0000000008005628       0x16 out/sx1262-board.o
                0x0000000008005628                SX126xReadRegister
 *fill*         0x000000000800563e        0x2 
 .text.SX126xWriteBuffer
                0x0000000008005640       0x48 out/sx1262-board.o
                0x0000000008005640                SX126xWriteBuffer
 .text.SX126xReadBuffer
                0x0000000008005688       0x50 out/sx1262-board.o
                0x0000000008005688                SX126xReadBuffer
 .text.SX126xSetRfTxPower
                0x00000000080056d8        0x6 out/sx1262-board.o
                0x00000000080056d8                SX126xSetRfTxPower
 .text.SX126xGetPaSelect
                0x00000000080056de        0x4 out/sx1262-board.o
                0x00000000080056de                SX126xGetPaSelect
 *fill*         0x00000000080056e2        0x2 
 .text.SX126xAntSwOn
                0x00000000080056e4       0x10 out/sx1262-board.o
                0x00000000080056e4                SX126xAntSwOn
 .text.SX126xAntSwOff
                0x00000000080056f4       0x10 out/sx1262-board.o
                0x00000000080056f4                SX126xAntSwOff
 .text.LoRaMacConfirmQueueInit
                0x0000000008005704       0x34 out/LoRaMacConfirmQueue.o
                0x0000000008005704                LoRaMacConfirmQueueInit
 .text.LoRaMacConfirmQueueAdd
                0x0000000008005738       0x44 out/LoRaMacConfirmQueue.o
                0x0000000008005738                LoRaMacConfirmQueueAdd
 .text.LoRaMacConfirmQueueRemoveLast
                0x000000000800577c       0x28 out/LoRaMacConfirmQueue.o
                0x000000000800577c                LoRaMacConfirmQueueRemoveLast
 .text.LoRaMacConfirmQueueRemoveFirst
                0x00000000080057a4       0x28 out/LoRaMacConfirmQueue.o
                0x00000000080057a4                LoRaMacConfirmQueueRemoveFirst
 .text.LoRaMacConfirmQueueSetStatus
                0x00000000080057cc       0x40 out/LoRaMacConfirmQueue.o
                0x00000000080057cc                LoRaMacConfirmQueueSetStatus
 .text.LoRaMacConfirmQueueGetStatus
                0x000000000800580c       0x3c out/LoRaMacConfirmQueue.o
                0x000000000800580c                LoRaMacConfirmQueueGetStatus
 .text.LoRaMacConfirmQueueSetStatusCmn
                0x0000000008005848       0x44 out/LoRaMacConfirmQueue.o
                0x0000000008005848                LoRaMacConfirmQueueSetStatusCmn
 .text.LoRaMacConfirmQueueGetStatusCmn
                0x000000000800588c        0xc out/LoRaMacConfirmQueue.o
                0x000000000800588c                LoRaMacConfirmQueueGetStatusCmn
 .text.LoRaMacConfirmQueueIsCmdActive
                0x0000000008005898       0x38 out/LoRaMacConfirmQueue.o
                0x0000000008005898                LoRaMacConfirmQueueIsCmdActive
 .text.LoRaMacConfirmQueueHandleCb
                0x00000000080058d0       0x60 out/LoRaMacConfirmQueue.o
                0x00000000080058d0                LoRaMacConfirmQueueHandleCb
 .text.LoRaMacConfirmQueueGetCnt
                0x0000000008005930        0xc out/LoRaMacConfirmQueue.o
                0x0000000008005930                LoRaMacConfirmQueueGetCnt
 .text.LoRaMacConfirmQueueIsFull
                0x000000000800593c       0x14 out/LoRaMacConfirmQueue.o
                0x000000000800593c                LoRaMacConfirmQueueIsFull
 .text.SetMlmeScheduleUplinkIndication
                0x0000000008005950       0x1c out/LoRaMac.o
 .text.AddMacCommand
                0x000000000800596c      0x17c out/LoRaMac.o
 .text.ResetMacParameters
                0x0000000008005ae8       0x8c out/LoRaMac.o
 .text.ValidatePayloadLength
                0x0000000008005b74       0x5c out/LoRaMac.o
 .text.OnAckTimeoutTimerEvent
                0x0000000008005bd0       0x44 out/LoRaMac.o
 .text.PrepareRxDoneAbort
                0x0000000008005c14       0x5c out/LoRaMac.o
 .text.ProcessMacCommands
                0x0000000008005c70      0x478 out/LoRaMac.o
 .text.OnRadioRxDone
                0x00000000080060e8      0x5a8 out/LoRaMac.o
 .text.RxWindowSetup
                0x0000000008006690       0x14 out/LoRaMac.o
 .text.OnRxWindow1TimerEvent
                0x00000000080066a4       0x74 out/LoRaMac.o
 .text.OnRxWindow2TimerEvent
                0x0000000008006718       0x74 out/LoRaMac.o
 .text.OpenContinuousRx2Window
                0x000000000800678c       0x14 out/LoRaMac.o
 .text.OnRadioRxTimeout
                0x00000000080067a0       0xe0 out/LoRaMac.o
 .text.OnRadioTxTimeout
                0x0000000008006880       0x3c out/LoRaMac.o
 .text.OnRadioRxError
                0x00000000080068bc       0xe0 out/LoRaMac.o
 .text.OnRadioTxDone
                0x000000000800699c      0x128 out/LoRaMac.o
 .text.PrepareFrame
                0x0000000008006ac4      0x38c out/LoRaMac.o
                0x0000000008006ac4                PrepareFrame
 .text.SendFrameOnChannel
                0x0000000008006e50      0x114 out/LoRaMac.o
                0x0000000008006e50                SendFrameOnChannel
 .text.ScheduleTx
                0x0000000008006f64      0x1a4 out/LoRaMac.o
 .text.Send     0x0000000008007108       0x44 out/LoRaMac.o
                0x0000000008007108                Send
 .text.OnTxDelayedTimerEvent
                0x000000000800714c       0x7c out/LoRaMac.o
 .text.OnMacStateCheckTimerEvent
                0x00000000080071c8      0x32c out/LoRaMac.o
 .text.SetTxContinuousWave
                0x00000000080074f4       0x60 out/LoRaMac.o
                0x00000000080074f4                SetTxContinuousWave
 .text.SetTxContinuousWave1
                0x0000000008007554       0x40 out/LoRaMac.o
                0x0000000008007554                SetTxContinuousWave1
 .text.LoRaMacInitialization
                0x0000000008007594      0x2f4 out/LoRaMac.o
                0x0000000008007594                LoRaMacInitialization
 .text.LoRaMacQueryTxPossible
                0x0000000008007888       0xdc out/LoRaMac.o
                0x0000000008007888                LoRaMacQueryTxPossible
 .text.LoRaMacMibGetRequestConfirm
                0x0000000008007964      0x150 out/LoRaMac.o
                0x0000000008007964                LoRaMacMibGetRequestConfirm
 .text.LoRaMacMulticastChannelLink
                0x0000000008007ab4       0x40 out/LoRaMac.o
                0x0000000008007ab4                LoRaMacMulticastChannelLink
 .text.LoRaMacMulticastChannelUnlink
                0x0000000008007af4       0x44 out/LoRaMac.o
                0x0000000008007af4                LoRaMacMulticastChannelUnlink
 .text.LoRaMacMibSetRequestConfirm
                0x0000000008007b38      0x350 out/LoRaMac.o
                0x0000000008007b38                LoRaMacMibSetRequestConfirm
 .text.LoRaMacMlmeRequest
                0x0000000008007e88      0x218 out/LoRaMac.o
                0x0000000008007e88                LoRaMacMlmeRequest
 .text.LoRaMacMcpsRequest
                0x00000000080080a0      0x130 out/LoRaMac.o
                0x00000000080080a0                LoRaMacMcpsRequest
 .text.LoRaMacClassBInit
                0x00000000080081d0        0x2 out/LoRaMacClassB.o
                0x00000000080081d0                LoRaMacClassBInit
 .text.LoRaMacClassBSetBeaconState
                0x00000000080081d2        0x2 out/LoRaMacClassB.o
                0x00000000080081d2                LoRaMacClassBSetBeaconState
 .text.LoRaMacClassBSetPingSlotState
                0x00000000080081d4        0x2 out/LoRaMacClassB.o
                0x00000000080081d4                LoRaMacClassBSetPingSlotState
 .text.LoRaMacClassBSetMulticastSlotState
                0x00000000080081d6        0x2 out/LoRaMacClassB.o
                0x00000000080081d6                LoRaMacClassBSetMulticastSlotState
 .text.LoRaMacClassBIsAcquisitionInProgress
                0x00000000080081d8        0x4 out/LoRaMacClassB.o
                0x00000000080081d8                LoRaMacClassBIsAcquisitionInProgress
 .text.LoRaMacClassBBeaconTimerEvent
                0x00000000080081dc        0x2 out/LoRaMacClassB.o
                0x00000000080081dc                LoRaMacClassBBeaconTimerEvent
 .text.LoRaMacClassBPingSlotTimerEvent
                0x00000000080081de        0x2 out/LoRaMacClassB.o
                0x00000000080081de                LoRaMacClassBPingSlotTimerEvent
 .text.LoRaMacClassBMulticastSlotTimerEvent
                0x00000000080081e0        0x2 out/LoRaMacClassB.o
                0x00000000080081e0                LoRaMacClassBMulticastSlotTimerEvent
 .text.LoRaMacClassBRxBeacon
                0x00000000080081e2        0x4 out/LoRaMacClassB.o
                0x00000000080081e2                LoRaMacClassBRxBeacon
 .text.LoRaMacClassBIsBeaconExpected
                0x00000000080081e6        0x4 out/LoRaMacClassB.o
                0x00000000080081e6                LoRaMacClassBIsBeaconExpected
 .text.LoRaMacClassBIsPingExpected
                0x00000000080081ea        0x4 out/LoRaMacClassB.o
                0x00000000080081ea                LoRaMacClassBIsPingExpected
 .text.LoRaMacClassBIsMulticastExpected
                0x00000000080081ee        0x4 out/LoRaMacClassB.o
                0x00000000080081ee                LoRaMacClassBIsMulticastExpected
 .text.LoRaMacClassBIsBeaconModeActive
                0x00000000080081f2        0x4 out/LoRaMacClassB.o
                0x00000000080081f2                LoRaMacClassBIsBeaconModeActive
 .text.LoRaMacClassBSetPingSlotInfo
                0x00000000080081f6        0x2 out/LoRaMacClassB.o
                0x00000000080081f6                LoRaMacClassBSetPingSlotInfo
 .text.LoRaMacClassBHaltBeaconing
                0x00000000080081f8        0x2 out/LoRaMacClassB.o
                0x00000000080081f8                LoRaMacClassBHaltBeaconing
 .text.LoRaMacClassBResumeBeaconing
                0x00000000080081fa        0x2 out/LoRaMacClassB.o
                0x00000000080081fa                LoRaMacClassBResumeBeaconing
 .text.LoRaMacClassBSwitchClass
                0x00000000080081fc        0x4 out/LoRaMacClassB.o
                0x00000000080081fc                LoRaMacClassBSwitchClass
 .text.LoRaMacClassBMibGetRequestConfirm
                0x0000000008008200        0x4 out/LoRaMacClassB.o
                0x0000000008008200                LoRaMacClassBMibGetRequestConfirm
 .text.LoRaMacMibClassBSetRequestConfirm
                0x0000000008008204        0x4 out/LoRaMacClassB.o
                0x0000000008008204                LoRaMacMibClassBSetRequestConfirm
 .text.LoRaMacClassBPingSlotInfoAns
                0x0000000008008208        0x2 out/LoRaMacClassB.o
                0x0000000008008208                LoRaMacClassBPingSlotInfoAns
 .text.LoRaMacClassBPingSlotChannelReq
                0x000000000800820a        0x4 out/LoRaMacClassB.o
                0x000000000800820a                LoRaMacClassBPingSlotChannelReq
 .text.LoRaMacClassBBeaconTimingAns
                0x000000000800820e        0x2 out/LoRaMacClassB.o
                0x000000000800820e                LoRaMacClassBBeaconTimingAns
 .text.LoRaMacClassBDeviceTimeAns
                0x0000000008008210        0x2 out/LoRaMacClassB.o
                0x0000000008008210                LoRaMacClassBDeviceTimeAns
 .text.LoRaMacClassBBeaconFreqReq
                0x0000000008008212        0x4 out/LoRaMacClassB.o
                0x0000000008008212                LoRaMacClassBBeaconFreqReq
 .text.LoRaMacClassBIsUplinkCollision
                0x0000000008008216        0x6 out/LoRaMacClassB.o
                0x0000000008008216                LoRaMacClassBIsUplinkCollision
 .text.LoRaMacClassBStopRxSlots
                0x000000000800821c        0x2 out/LoRaMacClassB.o
                0x000000000800821c                LoRaMacClassBStopRxSlots
 .text.LoRaMacClassBSetMulticastPeriodicity
                0x000000000800821e        0x2 out/LoRaMacClassB.o
                0x000000000800821e                LoRaMacClassBSetMulticastPeriodicity
 .text.LoRaMacComputeMic
                0x0000000008008220       0x70 out/LoRaMacCrypto.o
                0x0000000008008220                LoRaMacComputeMic
 .text.LoRaMacPayloadEncrypt
                0x0000000008008290       0xe0 out/LoRaMacCrypto.o
                0x0000000008008290                LoRaMacPayloadEncrypt
 .text.LoRaMacPayloadDecrypt
                0x0000000008008370       0x10 out/LoRaMacCrypto.o
                0x0000000008008370                LoRaMacPayloadDecrypt
 .text.LoRaMacJoinComputeMic
                0x0000000008008380       0x3c out/LoRaMacCrypto.o
                0x0000000008008380                LoRaMacJoinComputeMic
 .text.LoRaMacJoinDecrypt
                0x00000000080083bc       0x3e out/LoRaMacCrypto.o
                0x00000000080083bc                LoRaMacJoinDecrypt
 .text.LoRaMacJoinComputeSKeys
                0x00000000080083fa       0x86 out/LoRaMacCrypto.o
                0x00000000080083fa                LoRaMacJoinComputeSKeys
 .text.RegionIsActive
                0x0000000008008480        0x8 out/Region.o
                0x0000000008008480                RegionIsActive
 .text.RegionGetPhyParam
                0x0000000008008488       0x12 out/Region.o
                0x0000000008008488                RegionGetPhyParam
 .text.RegionSetBandTxDone
                0x000000000800849a        0xa out/Region.o
                0x000000000800849a                RegionSetBandTxDone
 .text.RegionInitDefaults
                0x00000000080084a4        0xa out/Region.o
                0x00000000080084a4                RegionInitDefaults
 .text.RegionVerify
                0x00000000080084ae       0x10 out/Region.o
                0x00000000080084ae                RegionVerify
 .text.RegionApplyCFList
                0x00000000080084be        0xa out/Region.o
                0x00000000080084be                RegionApplyCFList
 .text.RegionChanMaskSet
                0x00000000080084c8        0xc out/Region.o
                0x00000000080084c8                RegionChanMaskSet
 .text.RegionAdrNext
                0x00000000080084d4       0x1e out/Region.o
                0x00000000080084d4                RegionAdrNext
 .text.RegionComputeRxWindowParameters
                0x00000000080084f2       0x1c out/Region.o
                0x00000000080084f2                RegionComputeRxWindowParameters
 .text.RegionRxConfig
                0x000000000800850e       0x10 out/Region.o
                0x000000000800850e                RegionRxConfig
 .text.RegionTxConfig
                0x000000000800851e       0x1c out/Region.o
                0x000000000800851e                RegionTxConfig
 .text.RegionLinkAdrReq
                0x000000000800853a       0x1e out/Region.o
                0x000000000800853a                RegionLinkAdrReq
 .text.RegionRxParamSetupReq
                0x0000000008008558        0xc out/Region.o
                0x0000000008008558                RegionRxParamSetupReq
 .text.RegionNewChannelReq
                0x0000000008008564        0xc out/Region.o
                0x0000000008008564                RegionNewChannelReq
 .text.RegionTxParamSetupReq
                0x0000000008008570        0xc out/Region.o
                0x0000000008008570                RegionTxParamSetupReq
 .text.RegionDlChannelReq
                0x000000000800857c        0xc out/Region.o
                0x000000000800857c                RegionDlChannelReq
 .text.RegionAlternateDr
                0x0000000008008588        0xc out/Region.o
                0x0000000008008588                RegionAlternateDr
 .text.RegionCalcBackOff
                0x0000000008008594        0xa out/Region.o
                0x0000000008008594                RegionCalcBackOff
 .text.RegionNextChannel
                0x000000000800859e       0x1e out/Region.o
                0x000000000800859e                RegionNextChannel
 .text.RegionSetContinuousWave
                0x00000000080085bc        0xa out/Region.o
                0x00000000080085bc                RegionSetContinuousWave
 .text.RegionApplyDrOffset
                0x00000000080085c6       0x1c out/Region.o
                0x00000000080085c6                RegionApplyDrOffset
 *fill*         0x00000000080085e2        0x2 
 .text.RegionCommonGetJoinDc
                0x00000000080085e4       0x30 out/RegionCommon.o
                0x00000000080085e4                RegionCommonGetJoinDc
 .text.RegionCommonChanVerifyDr
                0x0000000008008614       0x66 out/RegionCommon.o
                0x0000000008008614                RegionCommonChanVerifyDr
 .text.RegionCommonValueInRange
                0x000000000800867a       0x12 out/RegionCommon.o
                0x000000000800867a                RegionCommonValueInRange
 .text.RegionCommonChanDisable
                0x000000000800868c       0x32 out/RegionCommon.o
                0x000000000800868c                RegionCommonChanDisable
 .text.RegionCommonCountChannels
                0x00000000080086be       0x3c out/RegionCommon.o
                0x00000000080086be                RegionCommonCountChannels
 .text.RegionCommonChanMaskCopy
                0x00000000080086fa       0x1e out/RegionCommon.o
                0x00000000080086fa                RegionCommonChanMaskCopy
 .text.RegionCommonSetBandTxDone
                0x0000000008008718        0xe out/RegionCommon.o
                0x0000000008008718                RegionCommonSetBandTxDone
 .text.RegionCommonUpdateBandTimeOff
                0x0000000008008726      0x10a out/RegionCommon.o
                0x0000000008008726                RegionCommonUpdateBandTimeOff
 .text.RegionCommonParseLinkAdrReq
                0x0000000008008830       0x34 out/RegionCommon.o
                0x0000000008008830                RegionCommonParseLinkAdrReq
 .text.RegionCommonComputeSymbolTimeLoRa
                0x0000000008008864       0x34 out/RegionCommon.o
                0x0000000008008864                RegionCommonComputeSymbolTimeLoRa
 .text.RegionCommonComputeSymbolTimeFsk
                0x0000000008008898       0x18 out/RegionCommon.o
                0x0000000008008898                RegionCommonComputeSymbolTimeFsk
 .text.RegionCommonComputeRxWindowParameters
                0x00000000080088b0       0xac out/RegionCommon.o
                0x00000000080088b0                RegionCommonComputeRxWindowParameters
 .text.RegionCommonComputeTxPower
                0x000000000800895c       0x30 out/RegionCommon.o
                0x000000000800895c                RegionCommonComputeTxPower
 .text.VerifyTxFreq
                0x000000000800898c       0x28 out/RegionAS923.o
 .text.RegionAS923GetPhyParam
                0x00000000080089b4      0x130 out/RegionAS923.o
                0x00000000080089b4                RegionAS923GetPhyParam
 .text.RegionAS923SetBandTxDone
                0x0000000008008ae4       0x2c out/RegionAS923.o
                0x0000000008008ae4                RegionAS923SetBandTxDone
 .text.RegionAS923InitDefaults
                0x0000000008008b10       0x50 out/RegionAS923.o
                0x0000000008008b10                RegionAS923InitDefaults
 .text.RegionAS923Verify
                0x0000000008008b60       0x56 out/RegionAS923.o
                0x0000000008008b60                RegionAS923Verify
 *fill*         0x0000000008008bb6        0x2 
 .text.RegionAS923ChanMaskSet
                0x0000000008008bb8       0x34 out/RegionAS923.o
                0x0000000008008bb8                RegionAS923ChanMaskSet
 .text.RegionAS923AdrNext
                0x0000000008008bec       0xa8 out/RegionAS923.o
                0x0000000008008bec                RegionAS923AdrNext
 .text.RegionAS923ComputeRxWindowParameters
                0x0000000008008c94       0x84 out/RegionAS923.o
                0x0000000008008c94                RegionAS923ComputeRxWindowParameters
 .text.RegionAS923RxConfig
                0x0000000008008d18       0xec out/RegionAS923.o
                0x0000000008008d18                RegionAS923RxConfig
 .text.RegionAS923TxConfig
                0x0000000008008e04      0x10c out/RegionAS923.o
                0x0000000008008e04                RegionAS923TxConfig
 .text.RegionAS923LinkAdrReq
                0x0000000008008f10      0x110 out/RegionAS923.o
                0x0000000008008f10                RegionAS923LinkAdrReq
 .text.RegionAS923RxParamSetupReq
                0x0000000008009020       0x44 out/RegionAS923.o
                0x0000000008009020                RegionAS923RxParamSetupReq
 .text.RegionAS923TxParamSetupReq
                0x0000000008009064        0x4 out/RegionAS923.o
                0x0000000008009064                RegionAS923TxParamSetupReq
 .text.RegionAS923DlChannelReq
                0x0000000008009068       0x38 out/RegionAS923.o
                0x0000000008009068                RegionAS923DlChannelReq
 .text.RegionAS923AlternateDr
                0x00000000080090a0        0x4 out/RegionAS923.o
                0x00000000080090a0                RegionAS923AlternateDr
 .text.RegionAS923CalcBackOff
                0x00000000080090a4       0x98 out/RegionAS923.o
                0x00000000080090a4                RegionAS923CalcBackOff
 .text.RegionAS923NextChannel
                0x000000000800913c      0x188 out/RegionAS923.o
                0x000000000800913c                RegionAS923NextChannel
 .text.RegionAS923ChannelAdd
                0x00000000080092c4       0xd4 out/RegionAS923.o
                0x00000000080092c4                RegionAS923ChannelAdd
 .text.RegionAS923ChannelsRemove
                0x0000000008009398       0x30 out/RegionAS923.o
                0x0000000008009398                RegionAS923ChannelsRemove
 .text.RegionAS923ApplyCFList
                0x00000000080093c8       0x78 out/RegionAS923.o
                0x00000000080093c8                RegionAS923ApplyCFList
 .text.RegionAS923NewChannelReq
                0x0000000008009440       0x40 out/RegionAS923.o
                0x0000000008009440                RegionAS923NewChannelReq
 .text.RegionAS923SetContinuousWave
                0x0000000008009480       0x4c out/RegionAS923.o
                0x0000000008009480                RegionAS923SetContinuousWave
 .text.RegionAS923ApplyDrOffset
                0x00000000080094cc       0x2c out/RegionAS923.o
                0x00000000080094cc                RegionAS923ApplyDrOffset
 .text.Reset_Handler
                0x00000000080094f8       0x48 out/startup_cm4.o
                0x00000000080094f8                Reset_Handler
 .text.Default_Handler
                0x0000000008009540        0x2 out/startup_cm4.o
                0x0000000008009540                SCC_IRQHandler
                0x0000000008009540                TIMER2_IRQHandler
                0x0000000008009540                EFC_IRQHandler
                0x0000000008009540                I2C0_IRQHandler
                0x0000000008009540                SAC_IRQHandler
                0x0000000008009540                I2C1_IRQHandler
                0x0000000008009540                UART1_IRQHandler
                0x0000000008009540                BSTIMER0_IRQHandler
                0x0000000008009540                TIMER3_IRQHandler
                0x0000000008009540                UART0_IRQHandler
                0x0000000008009540                SEC_IRQHandler
                0x0000000008009540                WDG_IRQHandler
                0x0000000008009540                LPTIMER1_IRQHandler
                0x0000000008009540                LPTIMER0_IRQHandler
                0x0000000008009540                SSP0_IRQHandler
                0x0000000008009540                I2S_IRQHandler
                0x0000000008009540                I2C2_IRQHandler
                0x0000000008009540                TIMER0_IRQHandler
                0x0000000008009540                LCD_IRQHandler
                0x0000000008009540                LPUART_IRQHandler
                0x0000000008009540                TIMER1_IRQHandler
                0x0000000008009540                UART2_IRQHandler
                0x0000000008009540                Default_Handler
                0x0000000008009540                ADC_IRQHandler
                0x0000000008009540                SSP1_IRQHandler
                0x0000000008009540                DMA0_IRQHandler
                0x0000000008009540                IWDG_IRQHandler
                0x0000000008009540                SSP2_IRQHandler
                0x0000000008009540                BSTIMER1_IRQHandler
                0x0000000008009540                DAC_IRQHandler
                0x0000000008009540                AFEC_IRQHandler
                0x0000000008009540                UART3_IRQHandler
                0x0000000008009540                QSPI_IRQHandler
                0x0000000008009540                DMA1_IRQHandler
 *fill*         0x0000000008009542        0x2 
 .text.startup  0x0000000008009544       0x14 /usr/lib/gcc/arm-none-eabi/9.2.1/../../../arm-none-eabi/lib/thumb/v7e-m/nofp/libc.a(lib_a-__call_atexit.o)
 *(.glue_7)
 .glue_7        0x0000000008009558        0x0 linker stubs
 *(.glue_7t)
 .glue_7t       0x0000000008009558        0x0 linker stubs
 *(.eh_frame)
 .eh_frame      0x0000000008009558        0x0 /usr/lib/gcc/arm-none-eabi/9.2.1/thumb/v7e-m/nofp/crtbegin.o
 *(.init)
 .init          0x0000000008009558        0x4 /usr/lib/gcc/arm-none-eabi/9.2.1/thumb/v7e-m/nofp/crti.o
                0x0000000008009558                _init
 .init          0x000000000800955c        0x8 /usr/lib/gcc/arm-none-eabi/9.2.1/thumb/v7e-m/nofp/crtn.o
 *(.fini)
 .fini          0x0000000008009564        0x4 /usr/lib/gcc/arm-none-eabi/9.2.1/thumb/v7e-m/nofp/crti.o
                0x0000000008009564                _fini
 .fini          0x0000000008009568        0x8 /usr/lib/gcc/arm-none-eabi/9.2.1/thumb/v7e-m/nofp/crtn.o
                0x0000000008009570                . = ALIGN (0x4)
                0x0000000008009570                _etext = .

.vfp11_veneer   0x0000000008009570        0x0
 .vfp11_veneer  0x0000000008009570        0x0 linker stubs

.v4_bx          0x0000000008009570        0x0
 .v4_bx         0x0000000008009570        0x0 linker stubs

.iplt           0x0000000008009570        0x0
 .iplt          0x0000000008009570        0x0 /usr/lib/gcc/arm-none-eabi/9.2.1/thumb/v7e-m/nofp/crtbegin.o

.rodata         0x0000000008009570      0x538
                0x0000000008009570                . = ALIGN (0x4)
 *(.rodata)
 .rodata        0x0000000008009570       0x50 out/printf-stdarg.o
 .rodata        0x00000000080095c0        0xc out/tremo_uart.o
 *fill*         0x00000000080095cc        0x4 
 .rodata        0x00000000080095d0      0x188 out/radio.o
                0x00000000080095d0                FskBandwidths
                0x00000000080096e0                Bandwidths
                0x00000000080096ec                Radio
 .rodata        0x0000000008009758       0x11 out/sx126x.o
 .rodata        0x0000000008009769       0x18 out/rtc-board.o
 .rodata        0x0000000008009781       0x10 out/LoRaMac.o
 *fill*         0x0000000008009791        0x3 
 .rodata        0x0000000008009794       0x67 out/RegionAS923.o
 *fill*         0x00000000080097fb        0x1 
 .rodata        0x00000000080097fc       0x10 /home/hung382/MET/drivers/crypto/lib/libcrypto.a(aes.o)
 .rodata        0x000000000800980c        0x4 /usr/lib/gcc/arm-none-eabi/9.2.1/../../../arm-none-eabi/lib/thumb/v7e-m/nofp/libc.a(lib_a-impure.o)
                0x000000000800980c                _global_impure_ptr
 .rodata        0x0000000008009810       0x10 /usr/lib/gcc/arm-none-eabi/9.2.1/../../../arm-none-eabi/lib/thumb/v7e-m/nofp/libm.a(lib_a-s_rint.o)
 *(.rodata*)
 .rodata.str1.1
                0x0000000008009820      0x26d out/classA.o
 .rodata.str1.1
                0x0000000008009a8d       0x19 out/printf-stdarg.o
                0x0000000008009aa8                . = ALIGN (0x4)
 *fill*         0x0000000008009aa6        0x2 

.ARM.extab
 *(.ARM.extab* .gnu.linkonce.armextab.*)

.ARM            0x0000000008009aa8        0x8
                0x0000000008009aa8                __exidx_start = .
 *(.ARM.exidx*)
 .ARM.exidx     0x0000000008009aa8        0x8 /usr/lib/gcc/arm-none-eabi/9.2.1/thumb/v7e-m/nofp/libgcc.a(_udivmoddi4.o)
                0x0000000008009ab0                __exidx_end = .

.rel.dyn        0x0000000008009ab0        0x0
 .rel.iplt      0x0000000008009ab0        0x0 /usr/lib/gcc/arm-none-eabi/9.2.1/thumb/v7e-m/nofp/crtbegin.o

.preinit_array  0x0000000008009ab0        0x0
                0x0000000008009ab0                PROVIDE (__preinit_array_start = .)
 *(.preinit_array*)
                0x0000000008009ab0                PROVIDE (__preinit_array_end = .)

.init_array     0x0000000008009ab0        0x8
                0x0000000008009ab0                PROVIDE (__init_array_start = .)
 *(SORT_BY_NAME(.init_array.*))
 .init_array.00000
                0x0000000008009ab0        0x4 /usr/lib/gcc/arm-none-eabi/9.2.1/../../../arm-none-eabi/lib/thumb/v7e-m/nofp/libc.a(lib_a-__call_atexit.o)
 *(.init_array*)
 .init_array    0x0000000008009ab4        0x4 /usr/lib/gcc/arm-none-eabi/9.2.1/thumb/v7e-m/nofp/crtbegin.o
                0x0000000008009ab8                PROVIDE (__init_array_end = .)

.fini_array     0x0000000008009ab8        0x4
                0x0000000008009ab8                PROVIDE (__fini_array_start = .)
 *(SORT_BY_NAME(.fini_array.*))
 *(.fini_array*)
 .fini_array    0x0000000008009ab8        0x4 /usr/lib/gcc/arm-none-eabi/9.2.1/thumb/v7e-m/nofp/crtbegin.o
                0x0000000008009abc                PROVIDE (__fini_array_end = .)
                0x0000000008009abc                _sidata = LOADADDR (.data)

.data           0x0000000020000000      0x4b0 load address 0x0000000008009abc
                0x0000000020000000                . = ALIGN (0x4)
                0x0000000020000000                _sdata = .
 *(.data)
 .data          0x0000000020000000       0x28 out/classA.o
                0x0000000020000021                gateway_response_yet
 .data          0x0000000020000028        0xa out/main.o
                0x0000000020000028                ir_pin
                0x000000002000002c                GPIO_USING
                0x0000000020000030                ir_pin_slot4
                0x0000000020000031                Signal_LED
 .data          0x0000000020000032        0x1 out/radio.o
                0x0000000020000032                MaxPayloadLength
 *fill*         0x0000000020000033        0x1 
 .data          0x0000000020000034        0x4 out/utilities.o
 .data          0x0000000020000038        0x3 out/LoRaMac.o
 .data          0x000000002000003b       0x20 out/LoRaMacCrypto.o
 *fill*         0x000000002000005b        0x5 
 .data          0x0000000020000060       0x20 out/RegionAS923.o
 .data          0x0000000020000080      0x430 /usr/lib/gcc/arm-none-eabi/9.2.1/../../../arm-none-eabi/lib/thumb/v7e-m/nofp/libc.a(lib_a-impure.o)
                0x0000000020000080                _impure_ptr
 *(.data*)
                0x00000000200004b0                . = ALIGN (0x4)
                0x00000000200004b0                _edata = .

.tm_clone_table
                0x00000000200004b0        0x0 load address 0x0000000008009f6c
 .tm_clone_table
                0x00000000200004b0        0x0 /usr/lib/gcc/arm-none-eabi/9.2.1/thumb/v7e-m/nofp/crtbegin.o
 .tm_clone_table
                0x00000000200004b0        0x0 /usr/lib/gcc/arm-none-eabi/9.2.1/thumb/v7e-m/nofp/crtend.o

.igot.plt       0x00000000200004b0        0x0 load address 0x0000000008009f6c
 .igot.plt      0x00000000200004b0        0x0 /usr/lib/gcc/arm-none-eabi/9.2.1/thumb/v7e-m/nofp/crtbegin.o
                0x00000000200004b0                . = ALIGN (0x4)

.bss            0x00000000200004b0      0x8d0 load address 0x0000000008009f6c
                0x00000000200004b0                _sbss = .
                0x00000000200004b0                __bss_start__ = _sbss
 *(.bss)
 .bss           0x00000000200004b0       0x1c /usr/lib/gcc/arm-none-eabi/9.2.1/thumb/v7e-m/nofp/crtbegin.o
 .bss           0x00000000200004cc       0x34 out/classA.o
                0x00000000200004cc                mlme_received
                0x00000000200004e4                count
                0x00000000200004e5                connection_state
                0x00000000200004f6                send_flag
                0x00000000200004f8                count_toggle
                0x00000000200004fc                count_waiting_for_response
 .bss           0x0000000020000500        0x1 out/main.o
                0x0000000020000500                interrupt_flag
 .bss           0x0000000020000501        0x1 out/tremo_delay.o
 *fill*         0x0000000020000502        0x6 
 .bss           0x0000000020000508       0x11 out/timer.o
                0x0000000020000518                HasLoopedThroughMain
 *fill*         0x0000000020000519        0x3 
 .bss           0x000000002000051c       0x16 out/radio.o
                0x0000000020000520                IrqFired
                0x0000000020000524                TxTimeout
                0x0000000020000528                RxContinuous
                0x000000002000052c                RxTimeout
 *fill*         0x0000000020000532        0x2 
 .bss           0x0000000020000534        0x8 out/sx126x.o
                0x0000000020000538                FrequencyError
 .bss           0x000000002000053c        0x9 out/rtc-board.o
                0x0000000020000540                McuWakeUpTime
                0x0000000020000544                NonScheduledWakeUp
 .bss           0x0000000020000545        0x1 out/sx1262-board.o
                0x0000000020000545                gPaOptSetting
 *fill*         0x0000000020000546        0x2 
 .bss           0x0000000020000548       0x19 out/LoRaMacConfirmQueue.o
 *fill*         0x0000000020000561        0x7 
 .bss           0x0000000020000568      0x4d9 out/LoRaMac.o
                0x0000000020000638                LoRaMacState
                0x00000000200009e0                TxTimeOnAir
 *fill*         0x0000000020000a41        0x3 
 .bss           0x0000000020000a44       0x44 out/LoRaMacCrypto.o
 .bss           0x0000000020000a88       0xc4 out/RegionAS923.o
 *(.bss*)
 *(COMMON)
 COMMON         0x0000000020000b4c        0x2 out/classA.o
                0x0000000020000b4c                last_ir_state
                0x0000000020000b4d                last_ir_state_slot4
 *fill*         0x0000000020000b4e        0x2 
 COMMON         0x0000000020000b50      0x190 out/radio.o
                0x0000000020000b50                irqRegs
                0x0000000020000b54                SX126x
                0x0000000020000b90                TxTimeoutTimer
                0x0000000020000ba4                RadioRxPayload
                0x0000000020000ca4                CadTimeoutTimer
                0x0000000020000cb8                RadioPktStatus
                0x0000000020000ccc                RxTimeoutTimer
 COMMON         0x0000000020000ce0       0x18 out/rtc-board.o
                0x0000000020000ce0                RtcCalendarContext
                0x0000000020000cf0                RtcTimerContext
 COMMON         0x0000000020000cf8        0xc out/LoRaMacConfirmQueue.o
                0x0000000020000cf8                CommonStatus
                0x0000000020000cfc                BufferStart
                0x0000000020000d00                BufferEnd
 COMMON         0x0000000020000d04       0x7c out/LoRaMac.o
                0x0000000020000d04                LoRaMacFlags
                0x0000000020000d08                LoRaMacParamsDefaults
                0x0000000020000d44                LoRaMacParams
                0x0000000020000d80                . = ALIGN (0x4)
                0x0000000020000d80                _ebss = .
                0x0000000020000d80                __bss_end__ = _ebss

.heap           0x0000000020000d80        0x0 load address 0x0000000008009f6c
                0x0000000020000d80                . = ALIGN (0x4)
                0x0000000020000d80                _heap_bottom = .
                0x0000000020000d80                end = _heap_bottom
                0x0000000020000d80                _end = end
                0x0000000020000d80                __end = end
                0x0000000020000d80                . = (. + _HEAP_SIZE)
                0x0000000020000d80                _heap_top = .

.stack          0x0000000020000d80     0x1000 load address 0x0000000008009f6c
                0x0000000020000d80                . = ALIGN (0x4)
                0x0000000020000d80                _stack_bottom = .
                0x0000000020001d80                . = (. + _STACK_SIZE)
 *fill*         0x0000000020000d80     0x1000 
                0x0000000020001d80                _stack_top = .

/DISCARD/
 libc.a(*)
 libm.a(*)
 libgcc.a(*)

.ARM.attributes
                0x0000000000000000       0x2e
 *(.ARM.attributes)
 .ARM.attributes
                0x0000000000000000       0x1e /usr/lib/gcc/arm-none-eabi/9.2.1/thumb/v7e-m/nofp/crti.o
 .ARM.attributes
                0x000000000000001e       0x2e /usr/lib/gcc/arm-none-eabi/9.2.1/thumb/v7e-m/nofp/crtbegin.o
 .ARM.attributes
                0x000000000000004c       0x32 out/tremo_it.o
 .ARM.attributes
                0x000000000000007e       0x32 out/classA.o
 .ARM.attributes
                0x00000000000000b0       0x32 out/main.o
 .ARM.attributes
                0x00000000000000e2       0x32 out/printf-stdarg.o
 .ARM.attributes
                0x0000000000000114       0x32 out/system_cm4.o
 .ARM.attributes
                0x0000000000000146       0x32 out/tremo_uart.o
 .ARM.attributes
                0x0000000000000178       0x32 out/tremo_gpio.o
 .ARM.attributes
                0x00000000000001aa       0x32 out/tremo_delay.o
 .ARM.attributes
                0x00000000000001dc       0x32 out/tremo_rtc.o
 .ARM.attributes
                0x000000000000020e       0x32 out/tremo_pwr.o
 .ARM.attributes
                0x0000000000000240       0x32 out/tremo_rcc.o
 .ARM.attributes
                0x0000000000000272       0x32 out/delay.o
 .ARM.attributes
                0x00000000000002a4       0x32 out/timer.o
 .ARM.attributes
                0x00000000000002d6       0x32 out/cmac.o
 .ARM.attributes
                0x0000000000000308       0x32 out/radio.o
 .ARM.attributes
                0x000000000000033a       0x32 out/sx126x.o
 .ARM.attributes
                0x000000000000036c       0x32 out/utilities.o
 .ARM.attributes
                0x000000000000039e       0x32 out/rtc-board.o
 .ARM.attributes
                0x00000000000003d0       0x32 out/sx1262-board.o
 .ARM.attributes
                0x0000000000000402       0x32 out/LoRaMacConfirmQueue.o
 .ARM.attributes
                0x0000000000000434       0x32 out/LoRaMac.o
 .ARM.attributes
                0x0000000000000466       0x32 out/LoRaMacClassB.o
 .ARM.attributes
                0x0000000000000498       0x32 out/LoRaMacCrypto.o
 .ARM.attributes
                0x00000000000004ca       0x32 out/Region.o
 .ARM.attributes
                0x00000000000004fc       0x32 out/RegionCommon.o
 .ARM.attributes
                0x000000000000052e       0x32 out/RegionAS923.o
 .ARM.attributes
                0x0000000000000560       0x21 out/startup_cm4.o
 .ARM.attributes
                0x0000000000000581       0x2e /home/hung382/MET/drivers/crypto/lib/libcrypto.a(aes.o)
 .ARM.attributes
                0x00000000000005af       0x1e /usr/lib/gcc/arm-none-eabi/9.2.1/thumb/v7e-m/nofp/libgcc.a(_arm_addsubdf3.o)
 .ARM.attributes
                0x00000000000005cd       0x1e /usr/lib/gcc/arm-none-eabi/9.2.1/thumb/v7e-m/nofp/libgcc.a(_arm_muldivdf3.o)
 .ARM.attributes
                0x00000000000005eb       0x1e /usr/lib/gcc/arm-none-eabi/9.2.1/thumb/v7e-m/nofp/libgcc.a(_arm_cmpdf2.o)
 .ARM.attributes
                0x0000000000000609       0x1e /usr/lib/gcc/arm-none-eabi/9.2.1/thumb/v7e-m/nofp/libgcc.a(_arm_fixdfsi.o)
 .ARM.attributes
                0x0000000000000627       0x1e /usr/lib/gcc/arm-none-eabi/9.2.1/thumb/v7e-m/nofp/libgcc.a(_arm_fixunsdfsi.o)
 .ARM.attributes
                0x0000000000000645       0x1e /usr/lib/gcc/arm-none-eabi/9.2.1/thumb/v7e-m/nofp/libgcc.a(_aeabi_uldivmod.o)
 .ARM.attributes
                0x0000000000000663       0x2e /usr/lib/gcc/arm-none-eabi/9.2.1/thumb/v7e-m/nofp/libgcc.a(_fixunsdfdi.o)
 .ARM.attributes
                0x0000000000000691       0x2e /usr/lib/gcc/arm-none-eabi/9.2.1/thumb/v7e-m/nofp/libgcc.a(_udivmoddi4.o)
 .ARM.attributes
                0x00000000000006bf       0x1e /usr/lib/gcc/arm-none-eabi/9.2.1/thumb/v7e-m/nofp/libgcc.a(_dvmd_tls.o)
 .ARM.attributes
                0x00000000000006dd       0x2e /usr/lib/gcc/arm-none-eabi/9.2.1/../../../arm-none-eabi/lib/thumb/v7e-m/nofp/libc.a(lib_a-atexit.o)
 .ARM.attributes
                0x000000000000070b       0x2e /usr/lib/gcc/arm-none-eabi/9.2.1/../../../arm-none-eabi/lib/thumb/v7e-m/nofp/libc.a(lib_a-fini.o)
 .ARM.attributes
                0x0000000000000739       0x2e /usr/lib/gcc/arm-none-eabi/9.2.1/../../../arm-none-eabi/lib/thumb/v7e-m/nofp/libc.a(lib_a-impure.o)
 .ARM.attributes
                0x0000000000000767       0x2e /usr/lib/gcc/arm-none-eabi/9.2.1/../../../arm-none-eabi/lib/thumb/v7e-m/nofp/libc.a(lib_a-init.o)
 .ARM.attributes
                0x0000000000000795       0x1c /usr/lib/gcc/arm-none-eabi/9.2.1/../../../arm-none-eabi/lib/thumb/v7e-m/nofp/libc.a(lib_a-memcpy.o)
 .ARM.attributes
                0x00000000000007b1       0x2e /usr/lib/gcc/arm-none-eabi/9.2.1/../../../arm-none-eabi/lib/thumb/v7e-m/nofp/libc.a(lib_a-memset.o)
 .ARM.attributes
                0x00000000000007df       0x2e /usr/lib/gcc/arm-none-eabi/9.2.1/../../../arm-none-eabi/lib/thumb/v7e-m/nofp/libc.a(lib_a-__atexit.o)
 .ARM.attributes
                0x000000000000080d       0x2e /usr/lib/gcc/arm-none-eabi/9.2.1/../../../arm-none-eabi/lib/thumb/v7e-m/nofp/libc.a(lib_a-__call_atexit.o)
 .ARM.attributes
                0x000000000000083b       0x2e /usr/lib/gcc/arm-none-eabi/9.2.1/thumb/v7e-m/nofp/crtend.o
 .ARM.attributes
                0x0000000000000869       0x1e /usr/lib/gcc/arm-none-eabi/9.2.1/thumb/v7e-m/nofp/crtn.o
OUTPUT(out/lorawan_node_parkinglot_slot1_slot4.elf elf32-littlearm)
LOAD linker stubs
LOAD /usr/lib/gcc/arm-none-eabi/9.2.1/../../../arm-none-eabi/lib/thumb/v7e-m/nofp/libc.a
LOAD /usr/lib/gcc/arm-none-eabi/9.2.1/../../../arm-none-eabi/lib/thumb/v7e-m/nofp/libm.a
LOAD /usr/lib/gcc/arm-none-eabi/9.2.1/thumb/v7e-m/nofp/libgcc.a

.comment        0x0000000000000000      0x120
 .comment       0x0000000000000000       0x59 /usr/lib/gcc/arm-none-eabi/9.2.1/thumb/v7e-m/nofp/crtbegin.o
                                         0x5a (size before relaxing)
 .comment       0x0000000000000059       0x5a out/tremo_it.o
 .comment       0x0000000000000059       0x5a out/classA.o
 .comment       0x0000000000000059       0x5a out/main.o
 .comment       0x0000000000000059       0x5a out/printf-stdarg.o
 .comment       0x0000000000000059       0x5a out/system_cm4.o
 .comment       0x0000000000000059       0x5a out/tremo_uart.o
 .comment       0x0000000000000059       0x5a out/tremo_gpio.o
 .comment       0x0000000000000059       0x5a out/tremo_delay.o
 .comment       0x0000000000000059       0x5a out/tremo_rtc.o
 .comment       0x0000000000000059       0x5a out/tremo_pwr.o
 .comment       0x0000000000000059       0x5a out/tremo_rcc.o
 .comment       0x0000000000000059       0x5a out/delay.o
 .comment       0x0000000000000059       0x5a out/timer.o
 .comment       0x0000000000000059       0x5a out/cmac.o
 .comment       0x0000000000000059       0x5a out/radio.o
 .comment       0x0000000000000059       0x5a out/sx126x.o
 .comment       0x0000000000000059       0x5a out/utilities.o
 .comment       0x0000000000000059       0x5a out/rtc-board.o
 .comment       0x0000000000000059       0x5a out/sx1262-board.o
 .comment       0x0000000000000059       0x5a out/LoRaMacConfirmQueue.o
 .comment       0x0000000000000059       0x5a out/LoRaMac.o
 .comment       0x0000000000000059       0x5a out/LoRaMacClassB.o
 .comment       0x0000000000000059       0x5a out/LoRaMacCrypto.o
 .comment       0x0000000000000059       0x5a out/Region.o
 .comment       0x0000000000000059       0x5a out/RegionCommon.o
 .comment       0x0000000000000059       0x5a out/RegionAS923.o
 .comment       0x0000000000000059       0x79 /home/hung382/MET/drivers/crypto/lib/libcrypto.a(aes.o)
                                         0x7a (size before relaxing)
 .comment       0x00000000000000d2       0x5a /usr/lib/gcc/arm-none-eabi/9.2.1/thumb/v7e-m/nofp/libgcc.a(_fixunsdfdi.o)
 .comment       0x00000000000000d2       0x5a /usr/lib/gcc/arm-none-eabi/9.2.1/thumb/v7e-m/nofp/libgcc.a(_udivmoddi4.o)
 .comment       0x00000000000000d2       0x4e /usr/lib/gcc/arm-none-eabi/9.2.1/../../../arm-none-eabi/lib/thumb/v7e-m/nofp/libc.a(lib_a-atexit.o)
                                         0x4f (size before relaxing)
 .comment       0x0000000000000120       0x4f /usr/lib/gcc/arm-none-eabi/9.2.1/../../../arm-none-eabi/lib/thumb/v7e-m/nofp/libc.a(lib_a-fini.o)
 .comment       0x0000000000000120       0x4f /usr/lib/gcc/arm-none-eabi/9.2.1/../../../arm-none-eabi/lib/thumb/v7e-m/nofp/libc.a(lib_a-impure.o)
 .comment       0x0000000000000120       0x4f /usr/lib/gcc/arm-none-eabi/9.2.1/../../../arm-none-eabi/lib/thumb/v7e-m/nofp/libc.a(lib_a-init.o)
 .comment       0x0000000000000120       0x4f /usr/lib/gcc/arm-none-eabi/9.2.1/../../../arm-none-eabi/lib/thumb/v7e-m/nofp/libc.a(lib_a-memset.o)
 .comment       0x0000000000000120       0x4f /usr/lib/gcc/arm-none-eabi/9.2.1/../../../arm-none-eabi/lib/thumb/v7e-m/nofp/libc.a(lib_a-__atexit.o)
 .comment       0x0000000000000120       0x4f /usr/lib/gcc/arm-none-eabi/9.2.1/../../../arm-none-eabi/lib/thumb/v7e-m/nofp/libc.a(lib_a-__call_atexit.o)
 .comment       0x0000000000000120       0x5a /usr/lib/gcc/arm-none-eabi/9.2.1/thumb/v7e-m/nofp/crtend.o

.debug_info     0x0000000000000000     0x5c7a
 .debug_info    0x0000000000000000      0xc3a /home/hung382/MET/drivers/crypto/lib/libcrypto.a(aes.o)
 .debug_info    0x0000000000000c3a       0x26 /usr/lib/gcc/arm-none-eabi/9.2.1/thumb/v7e-m/nofp/libgcc.a(_arm_addsubdf3.o)
 .debug_info    0x0000000000000c60       0x26 /usr/lib/gcc/arm-none-eabi/9.2.1/thumb/v7e-m/nofp/libgcc.a(_arm_muldivdf3.o)
 .debug_info    0x0000000000000c86       0x26 /usr/lib/gcc/arm-none-eabi/9.2.1/thumb/v7e-m/nofp/libgcc.a(_arm_cmpdf2.o)
 .debug_info    0x0000000000000cac       0x26 /usr/lib/gcc/arm-none-eabi/9.2.1/thumb/v7e-m/nofp/libgcc.a(_arm_fixdfsi.o)
 .debug_info    0x0000000000000cd2       0x26 /usr/lib/gcc/arm-none-eabi/9.2.1/thumb/v7e-m/nofp/libgcc.a(_arm_fixunsdfsi.o)
 .debug_info    0x0000000000000cf8       0x26 /usr/lib/gcc/arm-none-eabi/9.2.1/thumb/v7e-m/nofp/libgcc.a(_aeabi_uldivmod.o)
 .debug_info    0x0000000000000d1e      0x96d /usr/lib/gcc/arm-none-eabi/9.2.1/thumb/v7e-m/nofp/libgcc.a(_fixunsdfdi.o)
 .debug_info    0x000000000000168b      0xd7c /usr/lib/gcc/arm-none-eabi/9.2.1/thumb/v7e-m/nofp/libgcc.a(_udivmoddi4.o)
 .debug_info    0x0000000000002407       0x26 /usr/lib/gcc/arm-none-eabi/9.2.1/thumb/v7e-m/nofp/libgcc.a(_dvmd_tls.o)
 .debug_info    0x000000000000242d      0x995 /usr/lib/gcc/arm-none-eabi/9.2.1/../../../arm-none-eabi/lib/thumb/v7e-m/nofp/libc.a(lib_a-atexit.o)
 .debug_info    0x0000000000002dc2      0x102 /usr/lib/gcc/arm-none-eabi/9.2.1/../../../arm-none-eabi/lib/thumb/v7e-m/nofp/libc.a(lib_a-fini.o)
 .debug_info    0x0000000000002ec4      0x92a /usr/lib/gcc/arm-none-eabi/9.2.1/../../../arm-none-eabi/lib/thumb/v7e-m/nofp/libc.a(lib_a-impure.o)
 .debug_info    0x00000000000037ee      0x11a /usr/lib/gcc/arm-none-eabi/9.2.1/../../../arm-none-eabi/lib/thumb/v7e-m/nofp/libc.a(lib_a-init.o)
 .debug_info    0x0000000000003908       0x26 /usr/lib/gcc/arm-none-eabi/9.2.1/../../../arm-none-eabi/lib/thumb/v7e-m/nofp/libc.a(lib_a-memcpy.o)
 .debug_info    0x000000000000392e      0xf21 /usr/lib/gcc/arm-none-eabi/9.2.1/../../../arm-none-eabi/lib/thumb/v7e-m/nofp/libc.a(lib_a-memset.o)
 .debug_info    0x000000000000484f      0x9d5 /usr/lib/gcc/arm-none-eabi/9.2.1/../../../arm-none-eabi/lib/thumb/v7e-m/nofp/libc.a(lib_a-__atexit.o)
 .debug_info    0x0000000000005224      0xa56 /usr/lib/gcc/arm-none-eabi/9.2.1/../../../arm-none-eabi/lib/thumb/v7e-m/nofp/libc.a(lib_a-__call_atexit.o)

.debug_abbrev   0x0000000000000000     0x1279
 .debug_abbrev  0x0000000000000000      0x228 /home/hung382/MET/drivers/crypto/lib/libcrypto.a(aes.o)
 .debug_abbrev  0x0000000000000228       0x14 /usr/lib/gcc/arm-none-eabi/9.2.1/thumb/v7e-m/nofp/libgcc.a(_arm_addsubdf3.o)
 .debug_abbrev  0x000000000000023c       0x14 /usr/lib/gcc/arm-none-eabi/9.2.1/thumb/v7e-m/nofp/libgcc.a(_arm_muldivdf3.o)
 .debug_abbrev  0x0000000000000250       0x14 /usr/lib/gcc/arm-none-eabi/9.2.1/thumb/v7e-m/nofp/libgcc.a(_arm_cmpdf2.o)
 .debug_abbrev  0x0000000000000264       0x14 /usr/lib/gcc/arm-none-eabi/9.2.1/thumb/v7e-m/nofp/libgcc.a(_arm_fixdfsi.o)
 .debug_abbrev  0x0000000000000278       0x14 /usr/lib/gcc/arm-none-eabi/9.2.1/thumb/v7e-m/nofp/libgcc.a(_arm_fixunsdfsi.o)
 .debug_abbrev  0x000000000000028c       0x14 /usr/lib/gcc/arm-none-eabi/9.2.1/thumb/v7e-m/nofp/libgcc.a(_aeabi_uldivmod.o)
 .debug_abbrev  0x00000000000002a0      0x14f /usr/lib/gcc/arm-none-eabi/9.2.1/thumb/v7e-m/nofp/libgcc.a(_fixunsdfdi.o)
 .debug_abbrev  0x00000000000003ef      0x1c2 /usr/lib/gcc/arm-none-eabi/9.2.1/thumb/v7e-m/nofp/libgcc.a(_udivmoddi4.o)
 .debug_abbrev  0x00000000000005b1       0x14 /usr/lib/gcc/arm-none-eabi/9.2.1/thumb/v7e-m/nofp/libgcc.a(_dvmd_tls.o)
 .debug_abbrev  0x00000000000005c5      0x232 /usr/lib/gcc/arm-none-eabi/9.2.1/../../../arm-none-eabi/lib/thumb/v7e-m/nofp/libc.a(lib_a-atexit.o)
 .debug_abbrev  0x00000000000007f7       0xcf /usr/lib/gcc/arm-none-eabi/9.2.1/../../../arm-none-eabi/lib/thumb/v7e-m/nofp/libc.a(lib_a-fini.o)
 .debug_abbrev  0x00000000000008c6      0x1b8 /usr/lib/gcc/arm-none-eabi/9.2.1/../../../arm-none-eabi/lib/thumb/v7e-m/nofp/libc.a(lib_a-impure.o)
 .debug_abbrev  0x0000000000000a7e       0xcc /usr/lib/gcc/arm-none-eabi/9.2.1/../../../arm-none-eabi/lib/thumb/v7e-m/nofp/libc.a(lib_a-init.o)
 .debug_abbrev  0x0000000000000b4a       0x14 /usr/lib/gcc/arm-none-eabi/9.2.1/../../../arm-none-eabi/lib/thumb/v7e-m/nofp/libc.a(lib_a-memcpy.o)
 .debug_abbrev  0x0000000000000b5e      0x217 /usr/lib/gcc/arm-none-eabi/9.2.1/../../../arm-none-eabi/lib/thumb/v7e-m/nofp/libc.a(lib_a-memset.o)
 .debug_abbrev  0x0000000000000d75      0x252 /usr/lib/gcc/arm-none-eabi/9.2.1/../../../arm-none-eabi/lib/thumb/v7e-m/nofp/libc.a(lib_a-__atexit.o)
 .debug_abbrev  0x0000000000000fc7      0x2b2 /usr/lib/gcc/arm-none-eabi/9.2.1/../../../arm-none-eabi/lib/thumb/v7e-m/nofp/libc.a(lib_a-__call_atexit.o)

.debug_loc      0x0000000000000000     0x1722
 .debug_loc     0x0000000000000000       0xe4 /home/hung382/MET/drivers/crypto/lib/libcrypto.a(aes.o)
 .debug_loc     0x00000000000000e4       0xad /usr/lib/gcc/arm-none-eabi/9.2.1/thumb/v7e-m/nofp/libgcc.a(_fixunsdfdi.o)
 .debug_loc     0x0000000000000191      0xf8a /usr/lib/gcc/arm-none-eabi/9.2.1/thumb/v7e-m/nofp/libgcc.a(_udivmoddi4.o)
 .debug_loc     0x000000000000111b       0x32 /usr/lib/gcc/arm-none-eabi/9.2.1/../../../arm-none-eabi/lib/thumb/v7e-m/nofp/libc.a(lib_a-atexit.o)
 .debug_loc     0x000000000000114d       0x68 /usr/lib/gcc/arm-none-eabi/9.2.1/../../../arm-none-eabi/lib/thumb/v7e-m/nofp/libc.a(lib_a-fini.o)
 .debug_loc     0x00000000000011b5       0xba /usr/lib/gcc/arm-none-eabi/9.2.1/../../../arm-none-eabi/lib/thumb/v7e-m/nofp/libc.a(lib_a-init.o)
 .debug_loc     0x000000000000126f      0x231 /usr/lib/gcc/arm-none-eabi/9.2.1/../../../arm-none-eabi/lib/thumb/v7e-m/nofp/libc.a(lib_a-memset.o)
 .debug_loc     0x00000000000014a0      0x138 /usr/lib/gcc/arm-none-eabi/9.2.1/../../../arm-none-eabi/lib/thumb/v7e-m/nofp/libc.a(lib_a-__atexit.o)
 .debug_loc     0x00000000000015d8      0x14a /usr/lib/gcc/arm-none-eabi/9.2.1/../../../arm-none-eabi/lib/thumb/v7e-m/nofp/libc.a(lib_a-__call_atexit.o)

.debug_aranges  0x0000000000000000      0x240
 .debug_aranges
                0x0000000000000000       0x20 /home/hung382/MET/drivers/crypto/lib/libcrypto.a(aes.o)
 .debug_aranges
                0x0000000000000020       0x20 /usr/lib/gcc/arm-none-eabi/9.2.1/thumb/v7e-m/nofp/libgcc.a(_arm_addsubdf3.o)
 .debug_aranges
                0x0000000000000040       0x20 /usr/lib/gcc/arm-none-eabi/9.2.1/thumb/v7e-m/nofp/libgcc.a(_arm_muldivdf3.o)
 .debug_aranges
                0x0000000000000060       0x20 /usr/lib/gcc/arm-none-eabi/9.2.1/thumb/v7e-m/nofp/libgcc.a(_arm_cmpdf2.o)
 .debug_aranges
                0x0000000000000080       0x20 /usr/lib/gcc/arm-none-eabi/9.2.1/thumb/v7e-m/nofp/libgcc.a(_arm_fixdfsi.o)
 .debug_aranges
                0x00000000000000a0       0x20 /usr/lib/gcc/arm-none-eabi/9.2.1/thumb/v7e-m/nofp/libgcc.a(_arm_fixunsdfsi.o)
 .debug_aranges
                0x00000000000000c0       0x20 /usr/lib/gcc/arm-none-eabi/9.2.1/thumb/v7e-m/nofp/libgcc.a(_aeabi_uldivmod.o)
 .debug_aranges
                0x00000000000000e0       0x20 /usr/lib/gcc/arm-none-eabi/9.2.1/thumb/v7e-m/nofp/libgcc.a(_fixunsdfdi.o)
 .debug_aranges
                0x0000000000000100       0x20 /usr/lib/gcc/arm-none-eabi/9.2.1/thumb/v7e-m/nofp/libgcc.a(_udivmoddi4.o)
 .debug_aranges
                0x0000000000000120       0x20 /usr/lib/gcc/arm-none-eabi/9.2.1/thumb/v7e-m/nofp/libgcc.a(_dvmd_tls.o)
 .debug_aranges
                0x0000000000000140       0x20 /usr/lib/gcc/arm-none-eabi/9.2.1/../../../arm-none-eabi/lib/thumb/v7e-m/nofp/libc.a(lib_a-atexit.o)
 .debug_aranges
                0x0000000000000160       0x20 /usr/lib/gcc/arm-none-eabi/9.2.1/../../../arm-none-eabi/lib/thumb/v7e-m/nofp/libc.a(lib_a-fini.o)
 .debug_aranges
                0x0000000000000180       0x18 /usr/lib/gcc/arm-none-eabi/9.2.1/../../../arm-none-eabi/lib/thumb/v7e-m/nofp/libc.a(lib_a-impure.o)
 .debug_aranges
                0x0000000000000198       0x20 /usr/lib/gcc/arm-none-eabi/9.2.1/../../../arm-none-eabi/lib/thumb/v7e-m/nofp/libc.a(lib_a-init.o)
 .debug_aranges
                0x00000000000001b8       0x20 /usr/lib/gcc/arm-none-eabi/9.2.1/../../../arm-none-eabi/lib/thumb/v7e-m/nofp/libc.a(lib_a-memcpy.o)
 .debug_aranges
                0x00000000000001d8       0x20 /usr/lib/gcc/arm-none-eabi/9.2.1/../../../arm-none-eabi/lib/thumb/v7e-m/nofp/libc.a(lib_a-memset.o)
 .debug_aranges
                0x00000000000001f8       0x20 /usr/lib/gcc/arm-none-eabi/9.2.1/../../../arm-none-eabi/lib/thumb/v7e-m/nofp/libc.a(lib_a-__atexit.o)
 .debug_aranges
                0x0000000000000218       0x28 /usr/lib/gcc/arm-none-eabi/9.2.1/../../../arm-none-eabi/lib/thumb/v7e-m/nofp/libc.a(lib_a-__call_atexit.o)

.debug_line     0x0000000000000000     0x1a8a
 .debug_line    0x0000000000000000      0x268 /home/hung382/MET/drivers/crypto/lib/libcrypto.a(aes.o)
 .debug_line    0x0000000000000268      0x186 /usr/lib/gcc/arm-none-eabi/9.2.1/thumb/v7e-m/nofp/libgcc.a(_arm_addsubdf3.o)
 .debug_line    0x00000000000003ee      0x19b /usr/lib/gcc/arm-none-eabi/9.2.1/thumb/v7e-m/nofp/libgcc.a(_arm_muldivdf3.o)
 .debug_line    0x0000000000000589       0xbd /usr/lib/gcc/arm-none-eabi/9.2.1/thumb/v7e-m/nofp/libgcc.a(_arm_cmpdf2.o)
 .debug_line    0x0000000000000646       0x79 /usr/lib/gcc/arm-none-eabi/9.2.1/thumb/v7e-m/nofp/libgcc.a(_arm_fixdfsi.o)
 .debug_line    0x00000000000006bf       0x75 /usr/lib/gcc/arm-none-eabi/9.2.1/thumb/v7e-m/nofp/libgcc.a(_arm_fixunsdfsi.o)
 .debug_line    0x0000000000000734       0x60 /usr/lib/gcc/arm-none-eabi/9.2.1/thumb/v7e-m/nofp/libgcc.a(_aeabi_uldivmod.o)
 .debug_line    0x0000000000000794      0x133 /usr/lib/gcc/arm-none-eabi/9.2.1/thumb/v7e-m/nofp/libgcc.a(_fixunsdfdi.o)
 .debug_line    0x00000000000008c7      0x610 /usr/lib/gcc/arm-none-eabi/9.2.1/thumb/v7e-m/nofp/libgcc.a(_udivmoddi4.o)
 .debug_line    0x0000000000000ed7       0x60 /usr/lib/gcc/arm-none-eabi/9.2.1/thumb/v7e-m/nofp/libgcc.a(_dvmd_tls.o)
 .debug_line    0x0000000000000f37      0x14a /usr/lib/gcc/arm-none-eabi/9.2.1/../../../arm-none-eabi/lib/thumb/v7e-m/nofp/libc.a(lib_a-atexit.o)
 .debug_line    0x0000000000001081       0xd7 /usr/lib/gcc/arm-none-eabi/9.2.1/../../../arm-none-eabi/lib/thumb/v7e-m/nofp/libc.a(lib_a-fini.o)
 .debug_line    0x0000000000001158       0xe3 /usr/lib/gcc/arm-none-eabi/9.2.1/../../../arm-none-eabi/lib/thumb/v7e-m/nofp/libc.a(lib_a-impure.o)
 .debug_line    0x000000000000123b      0x10d /usr/lib/gcc/arm-none-eabi/9.2.1/../../../arm-none-eabi/lib/thumb/v7e-m/nofp/libc.a(lib_a-init.o)
 .debug_line    0x0000000000001348       0xbe /usr/lib/gcc/arm-none-eabi/9.2.1/../../../arm-none-eabi/lib/thumb/v7e-m/nofp/libc.a(lib_a-memcpy.o)
 .debug_line    0x0000000000001406      0x26b /usr/lib/gcc/arm-none-eabi/9.2.1/../../../arm-none-eabi/lib/thumb/v7e-m/nofp/libc.a(lib_a-memset.o)
 .debug_line    0x0000000000001671      0x1e1 /usr/lib/gcc/arm-none-eabi/9.2.1/../../../arm-none-eabi/lib/thumb/v7e-m/nofp/libc.a(lib_a-__atexit.o)
 .debug_line    0x0000000000001852      0x238 /usr/lib/gcc/arm-none-eabi/9.2.1/../../../arm-none-eabi/lib/thumb/v7e-m/nofp/libc.a(lib_a-__call_atexit.o)

.debug_str      0x0000000000000000     0x217d
 .debug_str     0x0000000000000000      0x6d3 /home/hung382/MET/drivers/crypto/lib/libcrypto.a(aes.o)
                                        0x74e (size before relaxing)
 .debug_str     0x00000000000006d3       0xa5 /usr/lib/gcc/arm-none-eabi/9.2.1/thumb/v7e-m/nofp/libgcc.a(_arm_addsubdf3.o)
 .debug_str     0x0000000000000778       0xa5 /usr/lib/gcc/arm-none-eabi/9.2.1/thumb/v7e-m/nofp/libgcc.a(_arm_muldivdf3.o)
 .debug_str     0x0000000000000778       0xa5 /usr/lib/gcc/arm-none-eabi/9.2.1/thumb/v7e-m/nofp/libgcc.a(_arm_cmpdf2.o)
 .debug_str     0x0000000000000778       0xa5 /usr/lib/gcc/arm-none-eabi/9.2.1/thumb/v7e-m/nofp/libgcc.a(_arm_fixdfsi.o)
 .debug_str     0x0000000000000778       0xa5 /usr/lib/gcc/arm-none-eabi/9.2.1/thumb/v7e-m/nofp/libgcc.a(_arm_fixunsdfsi.o)
 .debug_str     0x0000000000000778       0x2c /usr/lib/gcc/arm-none-eabi/9.2.1/thumb/v7e-m/nofp/libgcc.a(_aeabi_uldivmod.o)
                                         0xa0 (size before relaxing)
 .debug_str     0x00000000000007a4     0x10ab /usr/lib/gcc/arm-none-eabi/9.2.1/thumb/v7e-m/nofp/libgcc.a(_fixunsdfdi.o)
                                       0x1193 (size before relaxing)